Archive member included because of file (symbol)

C:/ethernut-5.1/nutbld/lib\libnutos.a(heap.o)
                              C:/ethernut-5.1/nutbld/lib/nutinit.o (NutHeapRootAdd)
C:/ethernut-5.1/nutbld/lib\libnutos.a(thread.o)
                              C:/ethernut-5.1/nutbld/lib/nutinit.o (NutThreadDestroy)
C:/ethernut-5.1/nutbld/lib\libnutos.a(timer.o)
                              ledcontrol.o (NutSleep)
C:/ethernut-5.1/nutbld/lib\libnutos.a(event.o)
                              C:/ethernut-5.1/nutbld/lib\libnutos.a(thread.o) (NutEventPostAsync)
C:/ethernut-5.1/nutbld/lib\libnutos.a(devreg.o)
                              ledcontrol.o (NutRegisterDevice)
C:/ethernut-5.1/nutbld/lib\libnutos.a(confos.o)
                              C:/ethernut-5.1/nutbld/lib/nutinit.o (NutLoadConfig)
C:/ethernut-5.1/nutbld/lib\libnutarch.a(ethernut1.o)
                              C:/ethernut-5.1/nutbld/lib/nutinit.o (NutBoardInit)
C:/ethernut-5.1/nutbld/lib\libnutarch.a(context_gcc.o)
                              C:/ethernut-5.1/nutbld/lib\libnutos.a(thread.o) (NutThreadSwitch)
C:/ethernut-5.1/nutbld/lib\libnutarch.a(ostimer.o)
                              C:/ethernut-5.1/nutbld/lib\libnutos.a(timer.o) (NutArchClockGet)
C:/ethernut-5.1/nutbld/lib\libnutarch.a(ih_timer0_comp.o)
                              C:/ethernut-5.1/nutbld/lib\libnutarch.a(ostimer.o) (sig_OUTPUT_COMPARE0)
C:/ethernut-5.1/nutbld/lib\libnutarch.a(usart0avr.o)
                              ledcontrol.o (devUsartAvr0)
C:/ethernut-5.1/nutbld/lib\libnutarch.a(ih_usart0_rx.o)
                              C:/ethernut-5.1/nutbld/lib\libnutarch.a(usart0avr.o) (sig_UART0_RECV)
C:/ethernut-5.1/nutbld/lib\libnutarch.a(ih_usart0_udre.o)
                              C:/ethernut-5.1/nutbld/lib\libnutarch.a(usart0avr.o) (sig_UART0_DATA)
C:/ethernut-5.1/nutbld/lib\libnutdev.a(ihndlr.o)
                              C:/ethernut-5.1/nutbld/lib\libnutarch.a(ih_timer0_comp.o) (CallHandler)
C:/ethernut-5.1/nutbld/lib\libnutdev.a(usart.o)
                              C:/ethernut-5.1/nutbld/lib\libnutarch.a(usart0avr.o) (UsartInit)
C:/ethernut-5.1/nutbld/lib\libnutdev.a(nvmem.o)
                              C:/ethernut-5.1/nutbld/lib\libnutos.a(confos.o) (NutNvMemSave)
C:/ethernut-5.1/nutbld/lib\libnutarch.a(eeprom.o)
                              C:/ethernut-5.1/nutbld/lib\libnutdev.a(nvmem.o) (OnChipNvMemSave)
C:/ethernut-5.1/nutbld/lib\libnutcrt.a(ioctl.o)
                              ledcontrol.o (_ioctl)
C:/ethernut-5.1/nutbld/lib\libnutcrt.a(fflush.o)
                              ledcontrol.o (fflush)
C:/ethernut-5.1/nutbld/lib\libnutcrt.a(fileno.o)
                              ledcontrol.o (_fileno)
C:/ethernut-5.1/nutbld/lib\libnutcrt.a(fopen.o)
                              ledcontrol.o (fopen)
C:/ethernut-5.1/nutbld/lib\libnutcrt.a(fgets.o)
                              ledcontrol.o (fgets)
C:/ethernut-5.1/nutbld/lib\libnutcrt.a(fprintf.o)
                              ledcontrol.o (fprintf)
C:/ethernut-5.1/nutbld/lib\libnutcrt.a(fputs.o)
                              ledcontrol.o (fputs)
C:/ethernut-5.1/nutbld/lib\libnutcrt.a(vfprintf.o)
                              C:/ethernut-5.1/nutbld/lib\libnutcrt.a(fprintf.o) (vfprintf)
C:/ethernut-5.1/nutbld/lib\libnutcrt.a(sscanf.o)
                              ledcontrol.o (sscanf)
C:/ethernut-5.1/nutbld/lib\libnutcrt.a(vsscanf.o)
                              C:/ethernut-5.1/nutbld/lib\libnutcrt.a(sscanf.o) (vsscanf)
C:/ethernut-5.1/nutbld/lib\libnutcrt.a(errno.o)
                              C:/ethernut-5.1/nutbld/lib\libnutcrt.a(fopen.o) (errno)
C:/ethernut-5.1/nutbld/lib\libnutcrt.a(malloc.o)
                              C:/ethernut-5.1/nutbld/lib\libnutdev.a(usart.o) (free)
C:/ethernut-5.1/nutbld/lib\libnutcrt.a(open.o)
                              C:/ethernut-5.1/nutbld/lib\libnutcrt.a(fopen.o) (_open)
C:/ethernut-5.1/nutbld/lib\libnutcrt.a(getf.o)
                              C:/ethernut-5.1/nutbld/lib\libnutcrt.a(vsscanf.o) (_getf)
C:/ethernut-5.1/nutbld/lib\libnutcrt.a(putf.o)
                              C:/ethernut-5.1/nutbld/lib\libnutcrt.a(vfprintf.o) (_putf)
C:/ethernut-5.1/nutbld/lib\libnutcrt.a(write.o)
                              C:/ethernut-5.1/nutbld/lib\libnutcrt.a(fflush.o) (_write)
C:/ethernut-5.1/nutbld/lib\libnutcrt.a(fmode.o)
                              C:/ethernut-5.1/nutbld/lib\libnutcrt.a(fopen.o) (_fmode)
C:/ethernut-5.1/nutbld/lib\libnutcrt.a(fgetc.o)
                              C:/ethernut-5.1/nutbld/lib\libnutcrt.a(fgets.o) (fgetc)
C:/ethernut-5.1/nutbld/lib\libnutcrt.a(read.o)
                              C:/ethernut-5.1/nutbld/lib\libnutcrt.a(fgetc.o) (_read)
c:/winavr-20100110/bin/../lib/gcc/avr/4.3.3/avr51\libgcc.a(_mulsi3.o)
                              C:/ethernut-5.1/nutbld/lib\libnutos.a(timer.o) (__mulsi3)
c:/winavr-20100110/bin/../lib/gcc/avr/4.3.3/avr51\libgcc.a(_udivmodsi4.o)
                              C:/ethernut-5.1/nutbld/lib\libnutos.a(timer.o) (__udivmodsi4)
c:/winavr-20100110/bin/../lib/gcc/avr/4.3.3/avr51\libgcc.a(_exit.o)
                              c:/winavr-20100110/bin/../lib/gcc/avr/4.3.3/../../../../avr/lib/avr51/crtm128.o (exit)
c:/winavr-20100110/bin/../lib/gcc/avr/4.3.3/avr51\libgcc.a(_clear_bss.o)
                              ledcontrol.o (__do_clear_bss)
c:/winavr-20100110/bin/../lib/gcc/avr/4.3.3/../../../../avr/lib/avr51\libc.a(strtol.o)
                              C:/ethernut-5.1/nutbld/lib\libnutcrt.a(getf.o) (strtol)
c:/winavr-20100110/bin/../lib/gcc/avr/4.3.3/../../../../avr/lib/avr51\libc.a(isspace.o)
                              C:/ethernut-5.1/nutbld/lib\libnutcrt.a(getf.o) (isspace)
c:/winavr-20100110/bin/../lib/gcc/avr/4.3.3/../../../../avr/lib/avr51\libc.a(strcpy_P.o)
                              C:/ethernut-5.1/nutbld/lib\libnutcrt.a(putf.o) (strcpy_P)
c:/winavr-20100110/bin/../lib/gcc/avr/4.3.3/../../../../avr/lib/avr51\libc.a(strlen_P.o)
                              C:/ethernut-5.1/nutbld/lib\libnutcrt.a(putf.o) (strlen_P)
c:/winavr-20100110/bin/../lib/gcc/avr/4.3.3/../../../../avr/lib/avr51\libc.a(strtok.o)
                              ledcontrol.o (strtok)
c:/winavr-20100110/bin/../lib/gcc/avr/4.3.3/../../../../avr/lib/avr51\libc.a(memchr.o)
                              C:/ethernut-5.1/nutbld/lib\libnutcrt.a(putf.o) (memchr)
c:/winavr-20100110/bin/../lib/gcc/avr/4.3.3/../../../../avr/lib/avr51\libc.a(memcmp.o)
                              C:/ethernut-5.1/nutbld/lib\libnutos.a(confos.o) (memcmp)
c:/winavr-20100110/bin/../lib/gcc/avr/4.3.3/../../../../avr/lib/avr51\libc.a(memcpy.o)
                              C:/ethernut-5.1/nutbld/lib\libnutos.a(heap.o) (memcpy)
c:/winavr-20100110/bin/../lib/gcc/avr/4.3.3/../../../../avr/lib/avr51\libc.a(memset.o)
                              C:/ethernut-5.1/nutbld/lib\libnutos.a(heap.o) (memset)
c:/winavr-20100110/bin/../lib/gcc/avr/4.3.3/../../../../avr/lib/avr51\libc.a(strchr.o)
                              ledcontrol.o (strchr)
c:/winavr-20100110/bin/../lib/gcc/avr/4.3.3/../../../../avr/lib/avr51\libc.a(strcmp.o)
                              C:/ethernut-5.1/nutbld/lib\libnutos.a(thread.o) (strcmp)
c:/winavr-20100110/bin/../lib/gcc/avr/4.3.3/../../../../avr/lib/avr51\libc.a(strcpy.o)
                              C:/ethernut-5.1/nutbld/lib\libnutos.a(confos.o) (strcpy)
c:/winavr-20100110/bin/../lib/gcc/avr/4.3.3/../../../../avr/lib/avr51\libc.a(strtok_r.o)
                              c:/winavr-20100110/bin/../lib/gcc/avr/4.3.3/../../../../avr/lib/avr51\libc.a(strtok.o) (strtok_r)
c:/winavr-20100110/bin/../lib/gcc/avr/4.3.3/../../../../avr/lib/avr51\libc.a(eerd_block_atmega128.o)
                              C:/ethernut-5.1/nutbld/lib\libnutarch.a(eeprom.o) (__eerd_block_m128)
c:/winavr-20100110/bin/../lib/gcc/avr/4.3.3/../../../../avr/lib/avr51\libc.a(eerd_byte_atmega128.o)
                              C:/ethernut-5.1/nutbld/lib\libnutarch.a(eeprom.o) (__eerd_byte_m128)
c:/winavr-20100110/bin/../lib/gcc/avr/4.3.3/../../../../avr/lib/avr51\libc.a(eewr_byte_atmega128.o)
                              C:/ethernut-5.1/nutbld/lib\libnutarch.a(eeprom.o) (__eewr_byte_m128)
c:/winavr-20100110/bin/../lib/gcc/avr/4.3.3/../../../../avr/lib/avr51\libc.a(cty_isfalse.o)
                              c:/winavr-20100110/bin/../lib/gcc/avr/4.3.3/../../../../avr/lib/avr51\libc.a(isspace.o) (__ctype_isfalse)

Allocating common symbols
Common symbol       size              file

errno               0x2               C:/ethernut-5.1/nutbld/lib\libnutcrt.a(errno.o)
heapFreeList        0x2               C:/ethernut-5.1/nutbld/lib\libnutos.a(heap.o)
nutTimerList        0x2               C:/ethernut-5.1/nutbld/lib\libnutos.a(timer.o)
confos              0x13              C:/ethernut-5.1/nutbld/lib\libnutos.a(confos.o)
nutThreadList       0x2               C:/ethernut-5.1/nutbld/lib\libnutos.a(thread.o)
runQueue            0x2               C:/ethernut-5.1/nutbld/lib\libnutos.a(thread.o)
nut_ticks           0x4               C:/ethernut-5.1/nutbld/lib\libnutos.a(timer.o)
runningThread       0x2               C:/ethernut-5.1/nutbld/lib\libnutos.a(thread.o)
killedThread        0x2               C:/ethernut-5.1/nutbld/lib\libnutos.a(thread.o)
uart                0x2               ledcontrol.o

Discarded input sections

 .data          0x00000000        0x0 c:/winavr-20100110/bin/../lib/gcc/avr/4.3.3/../../../../avr/lib/avr51/crtm128.o
 .bss           0x00000000        0x0 c:/winavr-20100110/bin/../lib/gcc/avr/4.3.3/../../../../avr/lib/avr51/crtm128.o
 .text          0x00000000        0x0 ledcontrol.o
 .text          0x00000000        0x0 C:/ethernut-5.1/nutbld/lib/nutinit.o
 .bss           0x00000000        0x0 C:/ethernut-5.1/nutbld/lib/nutinit.o
 .text.NutThreadSetSleepMode
                0x00000000        0x0 C:/ethernut-5.1/nutbld/lib/nutinit.o
 .text          0x00000000        0x0 C:/ethernut-5.1/nutbld/lib\libnutos.a(heap.o)
 .data          0x00000000        0x0 C:/ethernut-5.1/nutbld/lib\libnutos.a(heap.o)
 .bss           0x00000000        0x0 C:/ethernut-5.1/nutbld/lib\libnutos.a(heap.o)
 .text.NutHeapRootAvailable
                0x00000000        0x0 C:/ethernut-5.1/nutbld/lib\libnutos.a(heap.o)
 .text.NutHeapRootRegionAvailable
                0x00000000        0x0 C:/ethernut-5.1/nutbld/lib\libnutos.a(heap.o)
 .text.NutHeapCheck
                0x00000000        0x0 C:/ethernut-5.1/nutbld/lib\libnutos.a(heap.o)
 .text.NutHeapDump
                0x00000000        0x0 C:/ethernut-5.1/nutbld/lib\libnutos.a(heap.o)
 .text.NutHeapRootRealloc
                0x00000000        0x0 C:/ethernut-5.1/nutbld/lib\libnutos.a(heap.o)
 .text.NutHeapRootAllocClear
                0x00000000        0x0 C:/ethernut-5.1/nutbld/lib\libnutos.a(heap.o)
 .text          0x00000000        0x0 C:/ethernut-5.1/nutbld/lib\libnutos.a(thread.o)
 .data          0x00000000        0x0 C:/ethernut-5.1/nutbld/lib\libnutos.a(thread.o)
 .bss           0x00000000        0x0 C:/ethernut-5.1/nutbld/lib\libnutos.a(thread.o)
 .text.GetThreadByName
                0x00000000        0x0 C:/ethernut-5.1/nutbld/lib\libnutos.a(thread.o)
 .text.NutThreadStackAvailable
                0x00000000        0x0 C:/ethernut-5.1/nutbld/lib\libnutos.a(thread.o)
 .text.NutThreadExit
                0x00000000        0x0 C:/ethernut-5.1/nutbld/lib\libnutos.a(thread.o)
 .text          0x00000000        0x0 C:/ethernut-5.1/nutbld/lib\libnutos.a(timer.o)
 .data          0x00000000        0x0 C:/ethernut-5.1/nutbld/lib\libnutos.a(timer.o)
 .text.NutGetTickCount
                0x00000000        0x0 C:/ethernut-5.1/nutbld/lib\libnutos.a(timer.o)
 .text.NutClockSet
                0x00000000        0x0 C:/ethernut-5.1/nutbld/lib\libnutos.a(timer.o)
 .text.NutGetMillis
                0x00000000        0x0 C:/ethernut-5.1/nutbld/lib\libnutos.a(timer.o)
 .text.NutGetSeconds
                0x00000000        0x0 C:/ethernut-5.1/nutbld/lib\libnutos.a(timer.o)
 .text          0x00000000        0x0 C:/ethernut-5.1/nutbld/lib\libnutos.a(event.o)
 .data          0x00000000        0x0 C:/ethernut-5.1/nutbld/lib\libnutos.a(event.o)
 .bss           0x00000000        0x0 C:/ethernut-5.1/nutbld/lib\libnutos.a(event.o)
 .text.NutEventPost
                0x00000000        0x0 C:/ethernut-5.1/nutbld/lib\libnutos.a(event.o)
 .text          0x00000000        0x0 C:/ethernut-5.1/nutbld/lib\libnutos.a(devreg.o)
 .data          0x00000000        0x0 C:/ethernut-5.1/nutbld/lib\libnutos.a(devreg.o)
 .text.NutDeviceLookupType
                0x00000000        0x0 C:/ethernut-5.1/nutbld/lib\libnutos.a(devreg.o)
 .text          0x00000000        0x0 C:/ethernut-5.1/nutbld/lib\libnutos.a(confos.o)
 .bss           0x00000000        0x0 C:/ethernut-5.1/nutbld/lib\libnutos.a(confos.o)
 .text.NutSaveConfig
                0x00000000        0x0 C:/ethernut-5.1/nutbld/lib\libnutos.a(confos.o)
 .text          0x00000000        0x0 C:/ethernut-5.1/nutbld/lib\libnutarch.a(ethernut1.o)
 .data          0x00000000        0x0 C:/ethernut-5.1/nutbld/lib\libnutarch.a(ethernut1.o)
 .bss           0x00000000        0x0 C:/ethernut-5.1/nutbld/lib\libnutarch.a(ethernut1.o)
 .text          0x00000000        0x0 C:/ethernut-5.1/nutbld/lib\libnutarch.a(context_gcc.o)
 .data          0x00000000        0x0 C:/ethernut-5.1/nutbld/lib\libnutarch.a(context_gcc.o)
 .bss           0x00000000        0x0 C:/ethernut-5.1/nutbld/lib\libnutarch.a(context_gcc.o)
 .text          0x00000000        0x0 C:/ethernut-5.1/nutbld/lib\libnutarch.a(ostimer.o)
 .data          0x00000000        0x0 C:/ethernut-5.1/nutbld/lib\libnutarch.a(ostimer.o)
 .text.NutGetTickClock
                0x00000000        0x0 C:/ethernut-5.1/nutbld/lib\libnutarch.a(ostimer.o)
 .text          0x00000000        0x0 C:/ethernut-5.1/nutbld/lib\libnutarch.a(ih_timer0_comp.o)
 .bss           0x00000000        0x0 C:/ethernut-5.1/nutbld/lib\libnutarch.a(ih_timer0_comp.o)
 .text          0x00000000        0x0 C:/ethernut-5.1/nutbld/lib\libnutarch.a(usart0avr.o)
 .text          0x00000000        0x0 C:/ethernut-5.1/nutbld/lib\libnutarch.a(ih_usart0_rx.o)
 .bss           0x00000000        0x0 C:/ethernut-5.1/nutbld/lib\libnutarch.a(ih_usart0_rx.o)
 .text          0x00000000        0x0 C:/ethernut-5.1/nutbld/lib\libnutarch.a(ih_usart0_udre.o)
 .bss           0x00000000        0x0 C:/ethernut-5.1/nutbld/lib\libnutarch.a(ih_usart0_udre.o)
 .text          0x00000000        0x0 C:/ethernut-5.1/nutbld/lib\libnutdev.a(ihndlr.o)
 .data          0x00000000        0x0 C:/ethernut-5.1/nutbld/lib\libnutdev.a(ihndlr.o)
 .bss           0x00000000        0x0 C:/ethernut-5.1/nutbld/lib\libnutdev.a(ihndlr.o)
 .text.NutIrqStatus
                0x00000000        0x0 C:/ethernut-5.1/nutbld/lib\libnutdev.a(ihndlr.o)
 .text.NutIrqEnable
                0x00000000        0x0 C:/ethernut-5.1/nutbld/lib\libnutdev.a(ihndlr.o)
 .text.NutIrqDisable
                0x00000000        0x0 C:/ethernut-5.1/nutbld/lib\libnutdev.a(ihndlr.o)
 .text.NutIrqSetPriority
                0x00000000        0x0 C:/ethernut-5.1/nutbld/lib\libnutdev.a(ihndlr.o)
 .text.NutIrqGetPriority
                0x00000000        0x0 C:/ethernut-5.1/nutbld/lib\libnutdev.a(ihndlr.o)
 .text.NutIrqSetMode
                0x00000000        0x0 C:/ethernut-5.1/nutbld/lib\libnutdev.a(ihndlr.o)
 .text          0x00000000        0x0 C:/ethernut-5.1/nutbld/lib\libnutdev.a(usart.o)
 .data          0x00000000        0x0 C:/ethernut-5.1/nutbld/lib\libnutdev.a(usart.o)
 .bss           0x00000000        0x0 C:/ethernut-5.1/nutbld/lib\libnutdev.a(usart.o)
 .text          0x00000000        0x0 C:/ethernut-5.1/nutbld/lib\libnutdev.a(nvmem.o)
 .data          0x00000000        0x0 C:/ethernut-5.1/nutbld/lib\libnutdev.a(nvmem.o)
 .bss           0x00000000        0x0 C:/ethernut-5.1/nutbld/lib\libnutdev.a(nvmem.o)
 .text.NutNvMemSave
                0x00000000        0x0 C:/ethernut-5.1/nutbld/lib\libnutdev.a(nvmem.o)
 .text          0x00000000        0x0 C:/ethernut-5.1/nutbld/lib\libnutarch.a(eeprom.o)
 .data          0x00000000        0x0 C:/ethernut-5.1/nutbld/lib\libnutarch.a(eeprom.o)
 .bss           0x00000000        0x0 C:/ethernut-5.1/nutbld/lib\libnutarch.a(eeprom.o)
 .text.OnChipNvMemSave
                0x00000000        0x0 C:/ethernut-5.1/nutbld/lib\libnutarch.a(eeprom.o)
 .text          0x00000000        0x0 C:/ethernut-5.1/nutbld/lib\libnutcrt.a(ioctl.o)
 .data          0x00000000        0x0 C:/ethernut-5.1/nutbld/lib\libnutcrt.a(ioctl.o)
 .bss           0x00000000        0x0 C:/ethernut-5.1/nutbld/lib\libnutcrt.a(ioctl.o)
 .text          0x00000000        0x0 C:/ethernut-5.1/nutbld/lib\libnutcrt.a(fflush.o)
 .data          0x00000000        0x0 C:/ethernut-5.1/nutbld/lib\libnutcrt.a(fflush.o)
 .bss           0x00000000        0x0 C:/ethernut-5.1/nutbld/lib\libnutcrt.a(fflush.o)
 .text          0x00000000        0x0 C:/ethernut-5.1/nutbld/lib\libnutcrt.a(fileno.o)
 .data          0x00000000        0x0 C:/ethernut-5.1/nutbld/lib\libnutcrt.a(fileno.o)
 .bss           0x00000000        0x0 C:/ethernut-5.1/nutbld/lib\libnutcrt.a(fileno.o)
 .text          0x00000000        0x0 C:/ethernut-5.1/nutbld/lib\libnutcrt.a(fopen.o)
 .bss           0x00000000        0x0 C:/ethernut-5.1/nutbld/lib\libnutcrt.a(fopen.o)
 .text          0x00000000        0x0 C:/ethernut-5.1/nutbld/lib\libnutcrt.a(fgets.o)
 .data          0x00000000        0x0 C:/ethernut-5.1/nutbld/lib\libnutcrt.a(fgets.o)
 .bss           0x00000000        0x0 C:/ethernut-5.1/nutbld/lib\libnutcrt.a(fgets.o)
 .text          0x00000000        0x0 C:/ethernut-5.1/nutbld/lib\libnutcrt.a(fprintf.o)
 .data          0x00000000        0x0 C:/ethernut-5.1/nutbld/lib\libnutcrt.a(fprintf.o)
 .bss           0x00000000        0x0 C:/ethernut-5.1/nutbld/lib\libnutcrt.a(fprintf.o)
 .text          0x00000000        0x0 C:/ethernut-5.1/nutbld/lib\libnutcrt.a(fputs.o)
 .data          0x00000000        0x0 C:/ethernut-5.1/nutbld/lib\libnutcrt.a(fputs.o)
 .bss           0x00000000        0x0 C:/ethernut-5.1/nutbld/lib\libnutcrt.a(fputs.o)
 .text          0x00000000        0x0 C:/ethernut-5.1/nutbld/lib\libnutcrt.a(vfprintf.o)
 .data          0x00000000        0x0 C:/ethernut-5.1/nutbld/lib\libnutcrt.a(vfprintf.o)
 .bss           0x00000000        0x0 C:/ethernut-5.1/nutbld/lib\libnutcrt.a(vfprintf.o)
 .text          0x00000000        0x0 C:/ethernut-5.1/nutbld/lib\libnutcrt.a(sscanf.o)
 .data          0x00000000        0x0 C:/ethernut-5.1/nutbld/lib\libnutcrt.a(sscanf.o)
 .bss           0x00000000        0x0 C:/ethernut-5.1/nutbld/lib\libnutcrt.a(sscanf.o)
 .text          0x00000000        0x0 C:/ethernut-5.1/nutbld/lib\libnutcrt.a(vsscanf.o)
 .data          0x00000000        0x0 C:/ethernut-5.1/nutbld/lib\libnutcrt.a(vsscanf.o)
 .bss           0x00000000        0x0 C:/ethernut-5.1/nutbld/lib\libnutcrt.a(vsscanf.o)
 .text          0x00000000        0x0 C:/ethernut-5.1/nutbld/lib\libnutcrt.a(errno.o)
 .data          0x00000000        0x0 C:/ethernut-5.1/nutbld/lib\libnutcrt.a(errno.o)
 .bss           0x00000000        0x0 C:/ethernut-5.1/nutbld/lib\libnutcrt.a(errno.o)
 .text          0x00000000        0x0 C:/ethernut-5.1/nutbld/lib\libnutcrt.a(malloc.o)
 .data          0x00000000        0x0 C:/ethernut-5.1/nutbld/lib\libnutcrt.a(malloc.o)
 .bss           0x00000000        0x0 C:/ethernut-5.1/nutbld/lib\libnutcrt.a(malloc.o)
 .text          0x00000000        0x0 C:/ethernut-5.1/nutbld/lib\libnutcrt.a(open.o)
 .data          0x00000000        0x0 C:/ethernut-5.1/nutbld/lib\libnutcrt.a(open.o)
 .bss           0x00000000        0x0 C:/ethernut-5.1/nutbld/lib\libnutcrt.a(open.o)
 .text          0x00000000        0x0 C:/ethernut-5.1/nutbld/lib\libnutcrt.a(getf.o)
 .data          0x00000000        0x0 C:/ethernut-5.1/nutbld/lib\libnutcrt.a(getf.o)
 .bss           0x00000000        0x0 C:/ethernut-5.1/nutbld/lib\libnutcrt.a(getf.o)
 .text          0x00000000        0x0 C:/ethernut-5.1/nutbld/lib\libnutcrt.a(putf.o)
 .bss           0x00000000        0x0 C:/ethernut-5.1/nutbld/lib\libnutcrt.a(putf.o)
 .text          0x00000000        0x0 C:/ethernut-5.1/nutbld/lib\libnutcrt.a(write.o)
 .data          0x00000000        0x0 C:/ethernut-5.1/nutbld/lib\libnutcrt.a(write.o)
 .bss           0x00000000        0x0 C:/ethernut-5.1/nutbld/lib\libnutcrt.a(write.o)
 .text          0x00000000        0x0 C:/ethernut-5.1/nutbld/lib\libnutcrt.a(fmode.o)
 .data          0x00000000        0x0 C:/ethernut-5.1/nutbld/lib\libnutcrt.a(fmode.o)
 .bss           0x00000000        0x0 C:/ethernut-5.1/nutbld/lib\libnutcrt.a(fmode.o)
 .text          0x00000000        0x0 C:/ethernut-5.1/nutbld/lib\libnutcrt.a(fgetc.o)
 .data          0x00000000        0x0 C:/ethernut-5.1/nutbld/lib\libnutcrt.a(fgetc.o)
 .bss           0x00000000        0x0 C:/ethernut-5.1/nutbld/lib\libnutcrt.a(fgetc.o)
 .text          0x00000000        0x0 C:/ethernut-5.1/nutbld/lib\libnutcrt.a(read.o)
 .data          0x00000000        0x0 C:/ethernut-5.1/nutbld/lib\libnutcrt.a(read.o)
 .bss           0x00000000        0x0 C:/ethernut-5.1/nutbld/lib\libnutcrt.a(read.o)
 .text          0x00000000        0x0 c:/winavr-20100110/bin/../lib/gcc/avr/4.3.3/avr51\libgcc.a(_mulsi3.o)
 .data          0x00000000        0x0 c:/winavr-20100110/bin/../lib/gcc/avr/4.3.3/avr51\libgcc.a(_mulsi3.o)
 .bss           0x00000000        0x0 c:/winavr-20100110/bin/../lib/gcc/avr/4.3.3/avr51\libgcc.a(_mulsi3.o)
 .text          0x00000000        0x0 c:/winavr-20100110/bin/../lib/gcc/avr/4.3.3/avr51\libgcc.a(_udivmodsi4.o)
 .data          0x00000000        0x0 c:/winavr-20100110/bin/../lib/gcc/avr/4.3.3/avr51\libgcc.a(_udivmodsi4.o)
 .bss           0x00000000        0x0 c:/winavr-20100110/bin/../lib/gcc/avr/4.3.3/avr51\libgcc.a(_udivmodsi4.o)
 .text          0x00000000        0x0 c:/winavr-20100110/bin/../lib/gcc/avr/4.3.3/avr51\libgcc.a(_exit.o)
 .data          0x00000000        0x0 c:/winavr-20100110/bin/../lib/gcc/avr/4.3.3/avr51\libgcc.a(_exit.o)
 .bss           0x00000000        0x0 c:/winavr-20100110/bin/../lib/gcc/avr/4.3.3/avr51\libgcc.a(_exit.o)
 .text.libgcc   0x00000000        0x0 c:/winavr-20100110/bin/../lib/gcc/avr/4.3.3/avr51\libgcc.a(_exit.o)
 .text          0x00000000        0x0 c:/winavr-20100110/bin/../lib/gcc/avr/4.3.3/avr51\libgcc.a(_clear_bss.o)
 .data          0x00000000        0x0 c:/winavr-20100110/bin/../lib/gcc/avr/4.3.3/avr51\libgcc.a(_clear_bss.o)
 .bss           0x00000000        0x0 c:/winavr-20100110/bin/../lib/gcc/avr/4.3.3/avr51\libgcc.a(_clear_bss.o)
 .text.libgcc   0x00000000        0x0 c:/winavr-20100110/bin/../lib/gcc/avr/4.3.3/avr51\libgcc.a(_clear_bss.o)
 .text          0x00000000        0x0 c:/winavr-20100110/bin/../lib/gcc/avr/4.3.3/../../../../avr/lib/avr51\libc.a(strtol.o)
 .data          0x00000000        0x0 c:/winavr-20100110/bin/../lib/gcc/avr/4.3.3/../../../../avr/lib/avr51\libc.a(strtol.o)
 .bss           0x00000000        0x0 c:/winavr-20100110/bin/../lib/gcc/avr/4.3.3/../../../../avr/lib/avr51\libc.a(strtol.o)
 .text          0x00000000        0x0 c:/winavr-20100110/bin/../lib/gcc/avr/4.3.3/../../../../avr/lib/avr51\libc.a(isspace.o)
 .data          0x00000000        0x0 c:/winavr-20100110/bin/../lib/gcc/avr/4.3.3/../../../../avr/lib/avr51\libc.a(isspace.o)
 .bss           0x00000000        0x0 c:/winavr-20100110/bin/../lib/gcc/avr/4.3.3/../../../../avr/lib/avr51\libc.a(isspace.o)
 .text          0x00000000        0x0 c:/winavr-20100110/bin/../lib/gcc/avr/4.3.3/../../../../avr/lib/avr51\libc.a(strcpy_P.o)
 .data          0x00000000        0x0 c:/winavr-20100110/bin/../lib/gcc/avr/4.3.3/../../../../avr/lib/avr51\libc.a(strcpy_P.o)
 .bss           0x00000000        0x0 c:/winavr-20100110/bin/../lib/gcc/avr/4.3.3/../../../../avr/lib/avr51\libc.a(strcpy_P.o)
 .text          0x00000000        0x0 c:/winavr-20100110/bin/../lib/gcc/avr/4.3.3/../../../../avr/lib/avr51\libc.a(strlen_P.o)
 .data          0x00000000        0x0 c:/winavr-20100110/bin/../lib/gcc/avr/4.3.3/../../../../avr/lib/avr51\libc.a(strlen_P.o)
 .bss           0x00000000        0x0 c:/winavr-20100110/bin/../lib/gcc/avr/4.3.3/../../../../avr/lib/avr51\libc.a(strlen_P.o)
 .text          0x00000000        0x0 c:/winavr-20100110/bin/../lib/gcc/avr/4.3.3/../../../../avr/lib/avr51\libc.a(strtok.o)
 .data          0x00000000        0x0 c:/winavr-20100110/bin/../lib/gcc/avr/4.3.3/../../../../avr/lib/avr51\libc.a(strtok.o)
 .text          0x00000000        0x0 c:/winavr-20100110/bin/../lib/gcc/avr/4.3.3/../../../../avr/lib/avr51\libc.a(memchr.o)
 .data          0x00000000        0x0 c:/winavr-20100110/bin/../lib/gcc/avr/4.3.3/../../../../avr/lib/avr51\libc.a(memchr.o)
 .bss           0x00000000        0x0 c:/winavr-20100110/bin/../lib/gcc/avr/4.3.3/../../../../avr/lib/avr51\libc.a(memchr.o)
 .text          0x00000000        0x0 c:/winavr-20100110/bin/../lib/gcc/avr/4.3.3/../../../../avr/lib/avr51\libc.a(memcmp.o)
 .data          0x00000000        0x0 c:/winavr-20100110/bin/../lib/gcc/avr/4.3.3/../../../../avr/lib/avr51\libc.a(memcmp.o)
 .bss           0x00000000        0x0 c:/winavr-20100110/bin/../lib/gcc/avr/4.3.3/../../../../avr/lib/avr51\libc.a(memcmp.o)
 .text          0x00000000        0x0 c:/winavr-20100110/bin/../lib/gcc/avr/4.3.3/../../../../avr/lib/avr51\libc.a(memcpy.o)
 .data          0x00000000        0x0 c:/winavr-20100110/bin/../lib/gcc/avr/4.3.3/../../../../avr/lib/avr51\libc.a(memcpy.o)
 .bss           0x00000000        0x0 c:/winavr-20100110/bin/../lib/gcc/avr/4.3.3/../../../../avr/lib/avr51\libc.a(memcpy.o)
 .text.avr-libc
                0x00000000        0x0 c:/winavr-20100110/bin/../lib/gcc/avr/4.3.3/../../../../avr/lib/avr51\libc.a(memcpy.o)
 .text          0x00000000        0x0 c:/winavr-20100110/bin/../lib/gcc/avr/4.3.3/../../../../avr/lib/avr51\libc.a(memset.o)
 .data          0x00000000        0x0 c:/winavr-20100110/bin/../lib/gcc/avr/4.3.3/../../../../avr/lib/avr51\libc.a(memset.o)
 .bss           0x00000000        0x0 c:/winavr-20100110/bin/../lib/gcc/avr/4.3.3/../../../../avr/lib/avr51\libc.a(memset.o)
 .text.avr-libc
                0x00000000        0x0 c:/winavr-20100110/bin/../lib/gcc/avr/4.3.3/../../../../avr/lib/avr51\libc.a(memset.o)
 .text          0x00000000        0x0 c:/winavr-20100110/bin/../lib/gcc/avr/4.3.3/../../../../avr/lib/avr51\libc.a(strchr.o)
 .data          0x00000000        0x0 c:/winavr-20100110/bin/../lib/gcc/avr/4.3.3/../../../../avr/lib/avr51\libc.a(strchr.o)
 .bss           0x00000000        0x0 c:/winavr-20100110/bin/../lib/gcc/avr/4.3.3/../../../../avr/lib/avr51\libc.a(strchr.o)
 .text          0x00000000        0x0 c:/winavr-20100110/bin/../lib/gcc/avr/4.3.3/../../../../avr/lib/avr51\libc.a(strcmp.o)
 .data          0x00000000        0x0 c:/winavr-20100110/bin/../lib/gcc/avr/4.3.3/../../../../avr/lib/avr51\libc.a(strcmp.o)
 .bss           0x00000000        0x0 c:/winavr-20100110/bin/../lib/gcc/avr/4.3.3/../../../../avr/lib/avr51\libc.a(strcmp.o)
 .text          0x00000000        0x0 c:/winavr-20100110/bin/../lib/gcc/avr/4.3.3/../../../../avr/lib/avr51\libc.a(strcpy.o)
 .data          0x00000000        0x0 c:/winavr-20100110/bin/../lib/gcc/avr/4.3.3/../../../../avr/lib/avr51\libc.a(strcpy.o)
 .bss           0x00000000        0x0 c:/winavr-20100110/bin/../lib/gcc/avr/4.3.3/../../../../avr/lib/avr51\libc.a(strcpy.o)
 .text          0x00000000        0x0 c:/winavr-20100110/bin/../lib/gcc/avr/4.3.3/../../../../avr/lib/avr51\libc.a(strtok_r.o)
 .data          0x00000000        0x0 c:/winavr-20100110/bin/../lib/gcc/avr/4.3.3/../../../../avr/lib/avr51\libc.a(strtok_r.o)
 .bss           0x00000000        0x0 c:/winavr-20100110/bin/../lib/gcc/avr/4.3.3/../../../../avr/lib/avr51\libc.a(strtok_r.o)
 .text          0x00000000        0x0 c:/winavr-20100110/bin/../lib/gcc/avr/4.3.3/../../../../avr/lib/avr51\libc.a(eerd_block_atmega128.o)
 .data          0x00000000        0x0 c:/winavr-20100110/bin/../lib/gcc/avr/4.3.3/../../../../avr/lib/avr51\libc.a(eerd_block_atmega128.o)
 .bss           0x00000000        0x0 c:/winavr-20100110/bin/../lib/gcc/avr/4.3.3/../../../../avr/lib/avr51\libc.a(eerd_block_atmega128.o)
 .text          0x00000000        0x0 c:/winavr-20100110/bin/../lib/gcc/avr/4.3.3/../../../../avr/lib/avr51\libc.a(eerd_byte_atmega128.o)
 .data          0x00000000        0x0 c:/winavr-20100110/bin/../lib/gcc/avr/4.3.3/../../../../avr/lib/avr51\libc.a(eerd_byte_atmega128.o)
 .bss           0x00000000        0x0 c:/winavr-20100110/bin/../lib/gcc/avr/4.3.3/../../../../avr/lib/avr51\libc.a(eerd_byte_atmega128.o)
 .text.avr-libc
                0x00000000        0x0 c:/winavr-20100110/bin/../lib/gcc/avr/4.3.3/../../../../avr/lib/avr51\libc.a(eerd_byte_atmega128.o)
 .text          0x00000000        0x0 c:/winavr-20100110/bin/../lib/gcc/avr/4.3.3/../../../../avr/lib/avr51\libc.a(eewr_byte_atmega128.o)
 .data          0x00000000        0x0 c:/winavr-20100110/bin/../lib/gcc/avr/4.3.3/../../../../avr/lib/avr51\libc.a(eewr_byte_atmega128.o)
 .bss           0x00000000        0x0 c:/winavr-20100110/bin/../lib/gcc/avr/4.3.3/../../../../avr/lib/avr51\libc.a(eewr_byte_atmega128.o)
 .text.avr-libc
                0x00000000        0x0 c:/winavr-20100110/bin/../lib/gcc/avr/4.3.3/../../../../avr/lib/avr51\libc.a(eewr_byte_atmega128.o)
 .text          0x00000000        0x0 c:/winavr-20100110/bin/../lib/gcc/avr/4.3.3/../../../../avr/lib/avr51\libc.a(cty_isfalse.o)
 .data          0x00000000        0x0 c:/winavr-20100110/bin/../lib/gcc/avr/4.3.3/../../../../avr/lib/avr51\libc.a(cty_isfalse.o)
 .bss           0x00000000        0x0 c:/winavr-20100110/bin/../lib/gcc/avr/4.3.3/../../../../avr/lib/avr51\libc.a(cty_isfalse.o)

Memory Configuration

Name             Origin             Length             Attributes
text             0x00000000         0x00020000         xr
data             0x00800060         0x0000ffa0         rw !x
eeprom           0x00810000         0x00010000         rw !x
fuse             0x00820000         0x00000400         rw !x
lock             0x00830000         0x00000400         rw !x
signature        0x00840000         0x00000400         rw !x
*default*        0x00000000         0xffffffff

Linker script and memory map

Address of section .data set to 0x800100
LOAD c:/winavr-20100110/bin/../lib/gcc/avr/4.3.3/../../../../avr/lib/avr51/crtm128.o
LOAD ledcontrol.o
                0x00000000                main = 0x0
START GROUP
LOAD C:/ethernut-5.1/nutbld/lib/nutinit.o
LOAD C:/ethernut-5.1/nutbld/lib\libnutpro.a
LOAD C:/ethernut-5.1/nutbld/lib\libnutos.a
LOAD C:/ethernut-5.1/nutbld/lib\libnutarch.a
LOAD C:/ethernut-5.1/nutbld/lib\libnutdev.a
LOAD C:/ethernut-5.1/nutbld/lib\libnutarch.a
LOAD C:/ethernut-5.1/nutbld/lib\libnutfs.a
LOAD C:/ethernut-5.1/nutbld/lib\libnutnet.a
LOAD C:/ethernut-5.1/nutbld/lib\libnutcrt.a
END GROUP
LOAD c:/winavr-20100110/bin/../lib/gcc/avr/4.3.3/avr51\libgcc.a
LOAD c:/winavr-20100110/bin/../lib/gcc/avr/4.3.3/../../../../avr/lib/avr51\libc.a
LOAD c:/winavr-20100110/bin/../lib/gcc/avr/4.3.3/avr51\libgcc.a

.hash
 *(.hash)

.dynsym
 *(.dynsym)

.dynstr
 *(.dynstr)

.gnu.version
 *(.gnu.version)

.gnu.version_d
 *(.gnu.version_d)

.gnu.version_r
 *(.gnu.version_r)

.rel.init
 *(.rel.init)

.rela.init
 *(.rela.init)

.rel.text
 *(.rel.text)
 *(.rel.text.*)
 *(.rel.gnu.linkonce.t*)

.rela.text
 *(.rela.text)
 *(.rela.text.*)
 *(.rela.gnu.linkonce.t*)

.rel.fini
 *(.rel.fini)

.rela.fini
 *(.rela.fini)

.rel.rodata
 *(.rel.rodata)
 *(.rel.rodata.*)
 *(.rel.gnu.linkonce.r*)

.rela.rodata
 *(.rela.rodata)
 *(.rela.rodata.*)
 *(.rela.gnu.linkonce.r*)

.rel.data
 *(.rel.data)
 *(.rel.data.*)
 *(.rel.gnu.linkonce.d*)

.rela.data
 *(.rela.data)
 *(.rela.data.*)
 *(.rela.gnu.linkonce.d*)

.rel.ctors
 *(.rel.ctors)

.rela.ctors
 *(.rela.ctors)

.rel.dtors
 *(.rel.dtors)

.rela.dtors
 *(.rela.dtors)

.rel.got
 *(.rel.got)

.rela.got
 *(.rela.got)

.rel.bss
 *(.rel.bss)

.rela.bss
 *(.rela.bss)

.rel.plt
 *(.rel.plt)

.rela.plt
 *(.rela.plt)

.text           0x00000000     0x3d32
 *(.vectors)
 .vectors       0x00000000       0x8c c:/winavr-20100110/bin/../lib/gcc/avr/4.3.3/../../../../avr/lib/avr51/crtm128.o
                0x00000000                __vectors
                0x00000000                __vector_default
 *(.vectors)
 *(.progmem.gcc*)
 .progmem.gcc_sw_table
                0x0000008c       0x62 C:/ethernut-5.1/nutbld/lib\libnutdev.a(usart.o)
 *(.progmem*)
                0x000000ee                . = ALIGN (0x2)
                0x000000ee                __trampolines_start = .
 *(.trampolines)
 .trampolines   0x000000ee        0x0 linker stubs
 *(.trampolines*)
                0x000000ee                __trampolines_end = .
 *(.jumptables)
 *(.jumptables*)
 *(.lowtext)
 *(.lowtext*)
                0x000000ee                __ctors_start = .
 *(.ctors)
                0x000000ee                __ctors_end = .
                0x000000ee                __dtors_start = .
 *(.dtors)
                0x000000ee                __dtors_end = .
 SORT(*)(.ctors)
 SORT(*)(.dtors)
 *(.init0)
 .init0         0x000000ee        0x0 c:/winavr-20100110/bin/../lib/gcc/avr/4.3.3/../../../../avr/lib/avr51/crtm128.o
                0x000000ee                __init
 *(.init0)
 *(.init1)
 .init1         0x000000ee        0x4 C:/ethernut-5.1/nutbld/lib/nutinit.o
 .init1         0x000000f2       0x44 C:/ethernut-5.1/nutbld/lib\libnutarch.a(ethernut1.o)
 *(.init1)
 *(.init2)
 .init2         0x00000136        0xc c:/winavr-20100110/bin/../lib/gcc/avr/4.3.3/../../../../avr/lib/avr51/crtm128.o
 *(.init2)
 *(.init3)
 *(.init3)
 *(.init4)
 .init4         0x00000142       0x1a c:/winavr-20100110/bin/../lib/gcc/avr/4.3.3/../../../../avr/lib/avr51/crtm128.o
                0x00000142                __do_copy_data
 .init4         0x0000015c       0x10 c:/winavr-20100110/bin/../lib/gcc/avr/4.3.3/avr51\libgcc.a(_clear_bss.o)
                0x0000015c                __do_clear_bss
 *(.init4)
 *(.init5)
 .init5         0x0000016c       0x2a C:/ethernut-5.1/nutbld/lib/nutinit.o
 *(.init5)
 *(.init6)
 *(.init6)
 *(.init7)
 *(.init7)
 *(.init8)
 .init8         0x00000196       0x1c C:/ethernut-5.1/nutbld/lib/nutinit.o
                0x00000196                NutInit
 *(.init8)
 *(.init9)
 .init9         0x000001b2        0x8 c:/winavr-20100110/bin/../lib/gcc/avr/4.3.3/../../../../avr/lib/avr51/crtm128.o
 *(.init9)
 *(.text)
 .text          0x000001ba        0x4 c:/winavr-20100110/bin/../lib/gcc/avr/4.3.3/../../../../avr/lib/avr51/crtm128.o
                0x000001ba                __vector_22
                0x000001ba                __vector_28
                0x000001ba                __vector_1
                0x000001ba                __vector_32
                0x000001ba                __vector_34
                0x000001ba                __vector_24
                0x000001ba                __vector_12
                0x000001ba                __bad_interrupt
                0x000001ba                __vector_6
                0x000001ba                __vector_31
                0x000001ba                __vector_3
                0x000001ba                __vector_23
                0x000001ba                __vector_30
                0x000001ba                __vector_25
                0x000001ba                __vector_11
                0x000001ba                __vector_13
                0x000001ba                __vector_17
                0x000001ba                __vector_7
                0x000001ba                __vector_27
                0x000001ba                __vector_5
                0x000001ba                __vector_33
                0x000001ba                __vector_4
                0x000001ba                __vector_9
                0x000001ba                __vector_2
                0x000001ba                __vector_21
                0x000001ba                __vector_29
                0x000001ba                __vector_8
                0x000001ba                __vector_26
                0x000001ba                __vector_14
                0x000001ba                __vector_10
                0x000001ba                __vector_16
                0x000001ba                __vector_20
                0x000001be                . = ALIGN (0x2)
 *(.text.*)
 .text.led_on   0x000001be       0x50 ledcontrol.o
                0x000001be                led_on
 .text.InitUART1
                0x0000020e       0x3e ledcontrol.o
                0x0000020e                InitUART1
 .text.NutAppMain
                0x0000024c      0x236 ledcontrol.o
                0x0000024c                NutAppMain
 .text.NutIdle  0x00000482       0x52 C:/ethernut-5.1/nutbld/lib/nutinit.o
                0x00000482                NutIdle
 .text.NutHeapRootAlloc
                0x000004d4       0xb0 C:/ethernut-5.1/nutbld/lib\libnutos.a(heap.o)
                0x000004d4                NutHeapRootAlloc
 .text.NutHeapRootFree
                0x00000584       0xd8 C:/ethernut-5.1/nutbld/lib\libnutos.a(heap.o)
                0x00000584                NutHeapRootFree
 .text.NutHeapRootAdd
                0x0000065c       0x22 C:/ethernut-5.1/nutbld/lib\libnutos.a(heap.o)
                0x0000065c                NutHeapRootAdd
 .text.NutThreadAddPriQueue
                0x0000067e       0xb2 C:/ethernut-5.1/nutbld/lib\libnutos.a(thread.o)
                0x0000067e                NutThreadAddPriQueue
 .text.NutThreadRemoveQueue
                0x00000730       0x8e C:/ethernut-5.1/nutbld/lib\libnutos.a(thread.o)
                0x00000730                NutThreadRemoveQueue
 .text.NutThreadWake
                0x000007be       0x16 C:/ethernut-5.1/nutbld/lib\libnutos.a(thread.o)
                0x000007be                NutThreadWake
 .text.NutThreadDestroy
                0x000007d4       0x22 C:/ethernut-5.1/nutbld/lib\libnutos.a(thread.o)
                0x000007d4                NutThreadDestroy
 .text.NutThreadKill
                0x000007f6       0x4e C:/ethernut-5.1/nutbld/lib\libnutos.a(thread.o)
                0x000007f6                NutThreadKill
 .text.NutThreadSetPriority
                0x00000844       0x6e C:/ethernut-5.1/nutbld/lib\libnutos.a(thread.o)
                0x00000844                NutThreadSetPriority
 .text.NutThreadResume
                0x000008b2       0x8a C:/ethernut-5.1/nutbld/lib\libnutos.a(thread.o)
                0x000008b2                NutThreadResume
 .text.NutThreadYield
                0x0000093c       0x30 C:/ethernut-5.1/nutbld/lib\libnutos.a(thread.o)
                0x0000093c                NutThreadYield
 .text.NutTimerIntr
                0x0000096c       0x28 C:/ethernut-5.1/nutbld/lib\libnutos.a(timer.o)
                0x0000096c                NutTimerIntr
 .text.NutTimerInsert
                0x00000994       0x86 C:/ethernut-5.1/nutbld/lib\libnutos.a(timer.o)
                0x00000994                NutTimerInsert
 .text.NutTimerStop
                0x00000a1a       0x80 C:/ethernut-5.1/nutbld/lib\libnutos.a(timer.o)
                0x00000a1a                NutTimerStop
 .text.NutGetCpuClock
                0x00000a9a       0x40 C:/ethernut-5.1/nutbld/lib\libnutos.a(timer.o)
                0x00000a9a                NutGetCpuClock
 .text.NutMicroDelay
                0x00000ada       0x40 C:/ethernut-5.1/nutbld/lib\libnutos.a(timer.o)
                0x00000ada                NutMicroDelay
 .text.NutDelay
                0x00000b1a       0x1c C:/ethernut-5.1/nutbld/lib\libnutos.a(timer.o)
                0x00000b1a                NutDelay
 .text.NutTimerCreate
                0x00000b36       0xa2 C:/ethernut-5.1/nutbld/lib\libnutos.a(timer.o)
                0x00000b36                NutTimerCreate
 .text.NutTimerStartTicks
                0x00000bd8       0x1e C:/ethernut-5.1/nutbld/lib\libnutos.a(timer.o)
                0x00000bd8                NutTimerStartTicks
 .text.NutTimerStart
                0x00000bf6       0x26 C:/ethernut-5.1/nutbld/lib\libnutos.a(timer.o)
                0x00000bf6                NutTimerStart
 .text.NutSleep
                0x00000c1c       0x9e C:/ethernut-5.1/nutbld/lib\libnutos.a(timer.o)
                0x00000c1c                NutSleep
 .text.NutTimerProcessElapsed
                0x00000cba      0x11c C:/ethernut-5.1/nutbld/lib\libnutos.a(timer.o)
                0x00000cba                NutTimerProcessElapsed
 .text.NutTimerInit
                0x00000dd6       0x10 C:/ethernut-5.1/nutbld/lib\libnutos.a(timer.o)
                0x00000dd6                NutTimerInit
 .text.NutEventPostAsync
                0x00000de6       0xa0 C:/ethernut-5.1/nutbld/lib\libnutos.a(event.o)
                0x00000de6                NutEventPostAsync
 .text.NutEventBroadcastAsync
                0x00000e86       0x70 C:/ethernut-5.1/nutbld/lib\libnutos.a(event.o)
                0x00000e86                NutEventBroadcastAsync
 .text.NutEventBroadcast
                0x00000ef6       0x1a C:/ethernut-5.1/nutbld/lib\libnutos.a(event.o)
                0x00000ef6                NutEventBroadcast
 .text.NutEventTimeout
                0x00000f10       0x90 C:/ethernut-5.1/nutbld/lib\libnutos.a(event.o)
                0x00000f10                NutEventTimeout
 .text.NutEventWait
                0x00000fa0       0xc8 C:/ethernut-5.1/nutbld/lib\libnutos.a(event.o)
                0x00000fa0                NutEventWait
 .text.NutEventWaitNext
                0x00001068       0x22 C:/ethernut-5.1/nutbld/lib\libnutos.a(event.o)
                0x00001068                NutEventWaitNext
 .text.NutDeviceLookup
                0x0000108a       0x38 C:/ethernut-5.1/nutbld/lib\libnutos.a(devreg.o)
                0x0000108a                NutDeviceLookup
 .text.NutRegisterDevice
                0x000010c2       0x56 C:/ethernut-5.1/nutbld/lib\libnutos.a(devreg.o)
                0x000010c2                NutRegisterDevice
 .text.NutLoadConfig
                0x00001118       0x4a C:/ethernut-5.1/nutbld/lib\libnutos.a(confos.o)
                0x00001118                NutLoadConfig
 .text.NutBoardInit
                0x00001162        0x2 C:/ethernut-5.1/nutbld/lib\libnutarch.a(ethernut1.o)
                0x00001162                NutBoardInit
 .text.NutThreadEntry
                0x00001164       0x10 C:/ethernut-5.1/nutbld/lib\libnutarch.a(context_gcc.o)
 .text.NutThreadSwitch
                0x00001174       0x76 C:/ethernut-5.1/nutbld/lib\libnutarch.a(context_gcc.o)
                0x000011a8                thread_start
                0x00001174                NutThreadSwitch
 .text.NutThreadCreate
                0x000011ea      0x140 C:/ethernut-5.1/nutbld/lib\libnutarch.a(context_gcc.o)
                0x000011ea                NutThreadCreate
 .text.NutArchClockGet
                0x0000132a       0x12 C:/ethernut-5.1/nutbld/lib\libnutarch.a(ostimer.o)
                0x0000132a                NutArchClockGet
 .text.NutTimerMillisToTicks
                0x0000133c       0x5c C:/ethernut-5.1/nutbld/lib\libnutarch.a(ostimer.o)
                0x0000133c                NutTimerMillisToTicks
 .text.NutRegisterTimer
                0x00001398       0xa0 C:/ethernut-5.1/nutbld/lib\libnutarch.a(ostimer.o)
                0x00001398                NutRegisterTimer
 .text.AvrTimer0CompIrqCtl
                0x00001438       0x90 C:/ethernut-5.1/nutbld/lib\libnutarch.a(ih_timer0_comp.o)
 .text.__vector_15
                0x000014c8       0x54 C:/ethernut-5.1/nutbld/lib\libnutarch.a(ih_timer0_comp.o)
                0x000014c8                __vector_15
 .text.AvrUsartTxEmpty
                0x0000151c       0xe0 C:/ethernut-5.1/nutbld/lib\libnutarch.a(usart0avr.o)
 .text.AvrUsartRxComplete
                0x000015fc       0xf4 C:/ethernut-5.1/nutbld/lib\libnutarch.a(usart0avr.o)
 .text.AvrUsartGetDataBits
                0x000016f0       0x30 C:/ethernut-5.1/nutbld/lib\libnutarch.a(usart0avr.o)
 .text.AvrUsartGetParity
                0x00001720       0x1c C:/ethernut-5.1/nutbld/lib\libnutarch.a(usart0avr.o)
 .text.AvrUsartGetStopBits
                0x0000173c       0x10 C:/ethernut-5.1/nutbld/lib\libnutarch.a(usart0avr.o)
 .text.AvrUsartGetStatus
                0x0000174c       0x70 C:/ethernut-5.1/nutbld/lib\libnutarch.a(usart0avr.o)
 .text.AvrUsartSetStatus
                0x000017bc       0xba C:/ethernut-5.1/nutbld/lib\libnutarch.a(usart0avr.o)
 .text.AvrUsartGetClockMode
                0x00001876       0x2c C:/ethernut-5.1/nutbld/lib\libnutarch.a(usart0avr.o)
 .text.AvrUsartGetFlowControl
                0x000018a2       0x20 C:/ethernut-5.1/nutbld/lib\libnutarch.a(usart0avr.o)
 .text.AvrUsartSetFlowControl
                0x000018c2       0x72 C:/ethernut-5.1/nutbld/lib\libnutarch.a(usart0avr.o)
 .text.AvrUsartTxStart
                0x00001934        0x4 C:/ethernut-5.1/nutbld/lib\libnutarch.a(usart0avr.o)
 .text.AvrUsartRxStart
                0x00001938       0x34 C:/ethernut-5.1/nutbld/lib\libnutarch.a(usart0avr.o)
 .text.AvrUsartDisable
                0x0000196c       0x1c C:/ethernut-5.1/nutbld/lib\libnutarch.a(usart0avr.o)
 .text.AvrUsartSetClockMode
                0x00001988       0x7c C:/ethernut-5.1/nutbld/lib\libnutarch.a(usart0avr.o)
 .text.AvrUsartSetStopBits
                0x00001a04       0x52 C:/ethernut-5.1/nutbld/lib\libnutarch.a(usart0avr.o)
 .text.AvrUsartSetParity
                0x00001a56       0x6a C:/ethernut-5.1/nutbld/lib\libnutarch.a(usart0avr.o)
 .text.AvrUsartSetDataBits
                0x00001ac0       0x7a C:/ethernut-5.1/nutbld/lib\libnutarch.a(usart0avr.o)
 .text.AvrUsartGetSpeed
                0x00001b3a       0x96 C:/ethernut-5.1/nutbld/lib\libnutarch.a(usart0avr.o)
 .text.AvrUsartSetSpeed
                0x00001bd0       0x7c C:/ethernut-5.1/nutbld/lib\libnutarch.a(usart0avr.o)
 .text.AvrUsartDeinit
                0x00001c4c       0x26 C:/ethernut-5.1/nutbld/lib\libnutarch.a(usart0avr.o)
 .text.AvrUsartInit
                0x00001c72       0x46 C:/ethernut-5.1/nutbld/lib\libnutarch.a(usart0avr.o)
 .text.AvrUart0RxIrqCtl
                0x00001cb8       0x7e C:/ethernut-5.1/nutbld/lib\libnutarch.a(ih_usart0_rx.o)
 .text.__vector_18
                0x00001d36       0x54 C:/ethernut-5.1/nutbld/lib\libnutarch.a(ih_usart0_rx.o)
                0x00001d36                __vector_18
 .text.AvrUart0TxDataIrqCtl
                0x00001d8a       0x70 C:/ethernut-5.1/nutbld/lib\libnutarch.a(ih_usart0_udre.o)
 .text.__vector_19
                0x00001dfa       0x54 C:/ethernut-5.1/nutbld/lib\libnutarch.a(ih_usart0_udre.o)
                0x00001dfa                __vector_19
 .text.CallHandler
                0x00001e4e       0x16 C:/ethernut-5.1/nutbld/lib\libnutdev.a(ihndlr.o)
                0x00001e4e                CallHandler
 .text.NutRegisterIrqHandler
                0x00001e64       0x44 C:/ethernut-5.1/nutbld/lib\libnutdev.a(ihndlr.o)
                0x00001e64                NutRegisterIrqHandler
 .text.UsartInit
                0x00001ea8       0x38 C:/ethernut-5.1/nutbld/lib\libnutdev.a(usart.o)
                0x00001ea8                UsartInit
 .text.UsartSize
                0x00001ee0       0x26 C:/ethernut-5.1/nutbld/lib\libnutdev.a(usart.o)
                0x00001ee0                UsartSize
 .text.UsartResetBuffer
                0x00001f06       0x9e C:/ethernut-5.1/nutbld/lib\libnutdev.a(usart.o)
 .text.UsartIOCtl
                0x00001fa4      0x38c C:/ethernut-5.1/nutbld/lib\libnutdev.a(usart.o)
                0x00001fa4                UsartIOCtl
 .text.UsartOpen
                0x00002330       0xf0 C:/ethernut-5.1/nutbld/lib\libnutdev.a(usart.o)
                0x00002330                UsartOpen
 .text.UsartFlushOutput
                0x00002420       0x8e C:/ethernut-5.1/nutbld/lib\libnutdev.a(usart.o)
 .text.UsartClose
                0x000024ae       0x94 C:/ethernut-5.1/nutbld/lib\libnutdev.a(usart.o)
                0x000024ae                UsartClose
 .text.UsartRead
                0x00002542      0x1d0 C:/ethernut-5.1/nutbld/lib\libnutdev.a(usart.o)
                0x00002542                UsartRead
 .text.UsartPut
                0x00002712      0x20c C:/ethernut-5.1/nutbld/lib\libnutdev.a(usart.o)
 .text.UsartWrite_P
                0x0000291e       0x10 C:/ethernut-5.1/nutbld/lib\libnutdev.a(usart.o)
                0x0000291e                UsartWrite_P
 .text.UsartWrite
                0x0000292e       0x10 C:/ethernut-5.1/nutbld/lib\libnutdev.a(usart.o)
                0x0000292e                UsartWrite
 .text.NutNvMemLoad
                0x0000293e        0x6 C:/ethernut-5.1/nutbld/lib\libnutdev.a(nvmem.o)
                0x0000293e                NutNvMemLoad
 .text.OnChipNvMemLoad
                0x00002944       0x10 C:/ethernut-5.1/nutbld/lib\libnutarch.a(eeprom.o)
                0x00002944                OnChipNvMemLoad
 .text._ioctl   0x00002954       0x2a C:/ethernut-5.1/nutbld/lib\libnutcrt.a(ioctl.o)
                0x00002954                _ioctl
 .text.fflush   0x0000297e       0x24 C:/ethernut-5.1/nutbld/lib\libnutcrt.a(fflush.o)
                0x0000297e                fflush
 .text._fileno  0x000029a2        0x8 C:/ethernut-5.1/nutbld/lib\libnutcrt.a(fileno.o)
                0x000029a2                _fileno
 .text.fopen    0x000029aa       0xbc C:/ethernut-5.1/nutbld/lib\libnutcrt.a(fopen.o)
                0x000029aa                fopen
 .text.fgets    0x00002a66       0x56 C:/ethernut-5.1/nutbld/lib\libnutcrt.a(fgets.o)
                0x00002a66                fgets
 .text.fprintf  0x00002abc       0x22 C:/ethernut-5.1/nutbld/lib\libnutcrt.a(fprintf.o)
                0x00002abc                fprintf
 .text.fputs    0x00002ade       0x20 C:/ethernut-5.1/nutbld/lib\libnutcrt.a(fputs.o)
                0x00002ade                fputs
 .text.vfprintf
                0x00002afe       0x16 C:/ethernut-5.1/nutbld/lib\libnutcrt.a(vfprintf.o)
                0x00002afe                vfprintf
 .text.sscanf   0x00002b14       0x22 C:/ethernut-5.1/nutbld/lib\libnutcrt.a(sscanf.o)
                0x00002b14                sscanf
 .text._sgetb   0x00002b36       0x36 C:/ethernut-5.1/nutbld/lib\libnutcrt.a(vsscanf.o)
 .text.vsscanf  0x00002b6c       0x2c C:/ethernut-5.1/nutbld/lib\libnutcrt.a(vsscanf.o)
                0x00002b6c                vsscanf
 .text.free     0x00002b98        0xc C:/ethernut-5.1/nutbld/lib\libnutcrt.a(malloc.o)
                0x00002b98                free
 .text.malloc   0x00002ba4       0x20 C:/ethernut-5.1/nutbld/lib\libnutcrt.a(malloc.o)
                0x00002ba4                malloc
 .text._open    0x00002bc4       0xbe C:/ethernut-5.1/nutbld/lib\libnutcrt.a(open.o)
                0x00002bc4                _open
 .text._getf    0x00002c82      0x492 C:/ethernut-5.1/nutbld/lib\libnutcrt.a(getf.o)
                0x00002c82                _getf
 .text._putpad  0x00003114       0x50 C:/ethernut-5.1/nutbld/lib\libnutcrt.a(putf.o)
 .text._putf    0x00003164      0x69e C:/ethernut-5.1/nutbld/lib\libnutcrt.a(putf.o)
                0x00003164                _putf
 .text._write   0x00003802       0x32 C:/ethernut-5.1/nutbld/lib\libnutcrt.a(write.o)
                0x00003802                _write
 .text._fmode   0x00003834       0x68 C:/ethernut-5.1/nutbld/lib\libnutcrt.a(fmode.o)
                0x00003834                _fmode
 .text.fgetc    0x0000389c       0x68 C:/ethernut-5.1/nutbld/lib\libnutcrt.a(fgetc.o)
                0x0000389c                fgetc
 .text._read    0x00003904       0x32 C:/ethernut-5.1/nutbld/lib\libnutcrt.a(read.o)
                0x00003904                _read
 .text.libgcc   0x00003936       0x3e c:/winavr-20100110/bin/../lib/gcc/avr/4.3.3/avr51\libgcc.a(_mulsi3.o)
                0x00003936                __mulsi3
 .text.libgcc   0x00003974       0x44 c:/winavr-20100110/bin/../lib/gcc/avr/4.3.3/avr51\libgcc.a(_udivmodsi4.o)
                0x00003974                __udivmodsi4
 .text.avr-libc
                0x000039b8      0x25e c:/winavr-20100110/bin/../lib/gcc/avr/4.3.3/../../../../avr/lib/avr51\libc.a(strtol.o)
                0x000039b8                strtol
 .text.avr-libc
                0x00003c16       0x10 c:/winavr-20100110/bin/../lib/gcc/avr/4.3.3/../../../../avr/lib/avr51\libc.a(isspace.o)
                0x00003c16                isspace
 .text.avr-libc
                0x00003c26        0xe c:/winavr-20100110/bin/../lib/gcc/avr/4.3.3/../../../../avr/lib/avr51\libc.a(strcpy_P.o)
                0x00003c26                strcpy_P
 .text.avr-libc
                0x00003c34       0x12 c:/winavr-20100110/bin/../lib/gcc/avr/4.3.3/../../../../avr/lib/avr51\libc.a(strlen_P.o)
                0x00003c34                strlen_P
 .text.avr-libc
                0x00003c46        0xa c:/winavr-20100110/bin/../lib/gcc/avr/4.3.3/../../../../avr/lib/avr51\libc.a(strtok.o)
                0x00003c46                strtok
 .text.avr-libc
                0x00003c50       0x1a c:/winavr-20100110/bin/../lib/gcc/avr/4.3.3/../../../../avr/lib/avr51\libc.a(memchr.o)
                0x00003c50                memchr
 .text.avr-libc
                0x00003c6a       0x1a c:/winavr-20100110/bin/../lib/gcc/avr/4.3.3/../../../../avr/lib/avr51\libc.a(memcmp.o)
                0x00003c6a                memcmp
 .text.avr-libc
                0x00003c84       0x16 c:/winavr-20100110/bin/../lib/gcc/avr/4.3.3/../../../../avr/lib/avr51\libc.a(strchr.o)
                0x00003c84                strchr
 .text.avr-libc
                0x00003c9a       0x12 c:/winavr-20100110/bin/../lib/gcc/avr/4.3.3/../../../../avr/lib/avr51\libc.a(strcmp.o)
                0x00003c9a                strcmp
 .text.avr-libc
                0x00003cac        0xe c:/winavr-20100110/bin/../lib/gcc/avr/4.3.3/../../../../avr/lib/avr51\libc.a(strcpy.o)
                0x00003cac                strcpy
 .text.avr-libc
                0x00003cba       0x4e c:/winavr-20100110/bin/../lib/gcc/avr/4.3.3/../../../../avr/lib/avr51\libc.a(strtok_r.o)
                0x00003cba                strtok_r
 .text.avr-libc
                0x00003d08       0x20 c:/winavr-20100110/bin/../lib/gcc/avr/4.3.3/../../../../avr/lib/avr51\libc.a(eerd_block_atmega128.o)
                0x00003d0c                __eerd_blraw_m128
                0x00003d08                __eerd_block_m128
 .text.avr-libc
                0x00003d28        0x6 c:/winavr-20100110/bin/../lib/gcc/avr/4.3.3/../../../../avr/lib/avr51\libc.a(cty_isfalse.o)
                0x00003d2c                __ctype_istrue
                0x00003d28                __ctype_isfalse
                0x00003d2e                . = ALIGN (0x2)
 *(.fini9)
 .fini9         0x00003d2e        0x0 c:/winavr-20100110/bin/../lib/gcc/avr/4.3.3/avr51\libgcc.a(_exit.o)
                0x00003d2e                exit
                0x00003d2e                _exit
 *(.fini9)
 *(.fini8)
 *(.fini8)
 *(.fini7)
 *(.fini7)
 *(.fini6)
 *(.fini6)
 *(.fini5)
 *(.fini5)
 *(.fini4)
 *(.fini4)
 *(.fini3)
 *(.fini3)
 *(.fini2)
 *(.fini2)
 *(.fini1)
 *(.fini1)
 *(.fini0)
 .fini0         0x00003d2e        0x4 c:/winavr-20100110/bin/../lib/gcc/avr/4.3.3/avr51\libgcc.a(_exit.o)
 *(.fini0)
                0x00003d32                _etext = .

.data           0x00800100      0x14e load address 0x00003d32
                0x00800100                PROVIDE (__data_start, .)
 *(.data)
 .data          0x00800100       0x48 ledcontrol.o
                0x00800144                baud
 .data          0x00800148        0xb C:/ethernut-5.1/nutbld/lib/nutinit.o
                0x00800152                idle_sleep_mode
 .data          0x00800153        0xc C:/ethernut-5.1/nutbld/lib\libnutos.a(confos.o)
 .data          0x0080015f        0x6 C:/ethernut-5.1/nutbld/lib\libnutarch.a(ih_timer0_comp.o)
                0x0080015f                sig_OUTPUT_COMPARE0
 .data          0x00800165       0x84 C:/ethernut-5.1/nutbld/lib\libnutarch.a(usart0avr.o)
                0x00800165                devUsartAvr0
 .data          0x008001e9        0x6 C:/ethernut-5.1/nutbld/lib\libnutarch.a(ih_usart0_rx.o)
                0x008001e9                sig_UART0_RECV
 .data          0x008001ef        0x6 C:/ethernut-5.1/nutbld/lib\libnutarch.a(ih_usart0_udre.o)
                0x008001ef                sig_UART0_DATA
 .data          0x008001f5       0x10 C:/ethernut-5.1/nutbld/lib\libnutcrt.a(fopen.o)
                0x008001f5                __iob
 .data          0x00800205       0x49 C:/ethernut-5.1/nutbld/lib\libnutcrt.a(putf.o)
 *(.data*)
 *(.rodata)
 *(.rodata*)
 *(.gnu.linkonce.d*)
                0x0080024e                . = ALIGN (0x2)
                0x0080024e                _edata = .
                0x0080024e                PROVIDE (__data_end, .)

.bss            0x0080024e       0x6c
                0x0080024e                PROVIDE (__bss_start, .)
 *(.bss)
 .bss           0x0080024e       0x32 ledcontrol.o
 .bss           0x00800280        0x8 C:/ethernut-5.1/nutbld/lib\libnutos.a(timer.o)
 .bss           0x00800288        0x2 C:/ethernut-5.1/nutbld/lib\libnutos.a(devreg.o)
                0x00800288                nutDeviceList
 .bss           0x0080028a        0x4 C:/ethernut-5.1/nutbld/lib\libnutarch.a(ostimer.o)
 .bss           0x0080028e        0x3 C:/ethernut-5.1/nutbld/lib\libnutarch.a(usart0avr.o)
 .bss           0x00800291        0x2 c:/winavr-20100110/bin/../lib/gcc/avr/4.3.3/../../../../avr/lib/avr51\libc.a(strtok.o)
 *(.bss*)
 *(COMMON)
 COMMON         0x00800293        0x2 ledcontrol.o
                0x00800293                uart
 COMMON         0x00800295        0x2 C:/ethernut-5.1/nutbld/lib\libnutos.a(heap.o)
                0x00800295                heapFreeList
 COMMON         0x00800297        0x8 C:/ethernut-5.1/nutbld/lib\libnutos.a(thread.o)
                0x00800297                nutThreadList
                0x00800299                runQueue
                0x0080029b                runningThread
                0x0080029d                killedThread
 COMMON         0x0080029f        0x6 C:/ethernut-5.1/nutbld/lib\libnutos.a(timer.o)
                0x0080029f                nutTimerList
                0x008002a1                nut_ticks
 COMMON         0x008002a5       0x13 C:/ethernut-5.1/nutbld/lib\libnutos.a(confos.o)
                0x008002a5                confos
 COMMON         0x008002b8        0x2 C:/ethernut-5.1/nutbld/lib\libnutcrt.a(errno.o)
                0x008002b8                errno
                0x008002ba                PROVIDE (__bss_end, .)
                0x00003d32                __data_load_start = LOADADDR (.data)
                0x00003e80                __data_load_end = (__data_load_start + SIZEOF (.data))

.noinit         0x008002ba        0x0
                0x008002ba                PROVIDE (__noinit_start, .)
 *(.noinit*)
                0x008002ba                PROVIDE (__noinit_end, .)
                0x008002ba                _end = .
                0x008002ba                PROVIDE (__heap_start, .)

.eeprom         0x00810000        0x0
 *(.eeprom*)
                0x00810000                __eeprom_end = .

.fuse
 *(.fuse)
 *(.lfuse)
 *(.hfuse)
 *(.efuse)

.lock
 *(.lock*)

.signature
 *(.signature*)

.stab
 *(.stab)

.stabstr
 *(.stabstr)

.stab.excl
 *(.stab.excl)

.stab.exclstr
 *(.stab.exclstr)

.stab.index
 *(.stab.index)

.stab.indexstr
 *(.stab.indexstr)

.comment
 *(.comment)

.debug
 *(.debug)

.line
 *(.line)

.debug_srcinfo
 *(.debug_srcinfo)

.debug_sfnames
 *(.debug_sfnames)

.debug_aranges
 *(.debug_aranges)

.debug_pubnames
 *(.debug_pubnames)

.debug_info
 *(.debug_info)
 *(.gnu.linkonce.wi.*)

.debug_abbrev
 *(.debug_abbrev)

.debug_line
 *(.debug_line)

.debug_frame
 *(.debug_frame)

.debug_str
 *(.debug_str)

.debug_loc
 *(.debug_loc)

.debug_macinfo
 *(.debug_macinfo)
OUTPUT(ledcontrol.elf elf32-avr)
LOAD linker stubs

Cross Reference Table

Symbol                                            File
CallHandler                                       C:/ethernut-5.1/nutbld/lib\libnutdev.a(ihndlr.o)
                                                  C:/ethernut-5.1/nutbld/lib\libnutarch.a(ih_usart0_udre.o)
                                                  C:/ethernut-5.1/nutbld/lib\libnutarch.a(ih_usart0_rx.o)
                                                  C:/ethernut-5.1/nutbld/lib\libnutarch.a(ih_timer0_comp.o)
GetThreadByName                                   C:/ethernut-5.1/nutbld/lib\libnutos.a(thread.o)
InitUART1                                         ledcontrol.o
NutAppMain                                        ledcontrol.o
                                                  C:/ethernut-5.1/nutbld/lib/nutinit.o
NutArchClockGet                                   C:/ethernut-5.1/nutbld/lib\libnutarch.a(ostimer.o)
                                                  C:/ethernut-5.1/nutbld/lib\libnutos.a(timer.o)
NutBoardInit                                      C:/ethernut-5.1/nutbld/lib\libnutarch.a(ethernut1.o)
                                                  C:/ethernut-5.1/nutbld/lib/nutinit.o
NutClockSet                                       C:/ethernut-5.1/nutbld/lib\libnutos.a(timer.o)
NutDelay                                          C:/ethernut-5.1/nutbld/lib\libnutos.a(timer.o)
                                                  C:/ethernut-5.1/nutbld/lib\libnutarch.a(usart0avr.o)
NutDeviceLookup                                   C:/ethernut-5.1/nutbld/lib\libnutos.a(devreg.o)
                                                  C:/ethernut-5.1/nutbld/lib\libnutcrt.a(open.o)
NutDeviceLookupType                               C:/ethernut-5.1/nutbld/lib\libnutos.a(devreg.o)
NutEventBroadcast                                 C:/ethernut-5.1/nutbld/lib\libnutos.a(event.o)
                                                  C:/ethernut-5.1/nutbld/lib\libnutdev.a(usart.o)
NutEventBroadcastAsync                            C:/ethernut-5.1/nutbld/lib\libnutos.a(event.o)
NutEventPost                                      C:/ethernut-5.1/nutbld/lib\libnutos.a(event.o)
NutEventPostAsync                                 C:/ethernut-5.1/nutbld/lib\libnutos.a(event.o)
                                                  C:/ethernut-5.1/nutbld/lib\libnutos.a(thread.o)
NutEventTimeout                                   C:/ethernut-5.1/nutbld/lib\libnutos.a(event.o)
NutEventWait                                      C:/ethernut-5.1/nutbld/lib\libnutos.a(event.o)
                                                  C:/ethernut-5.1/nutbld/lib\libnutdev.a(usart.o)
NutEventWaitNext                                  C:/ethernut-5.1/nutbld/lib\libnutos.a(event.o)
                                                  C:/ethernut-5.1/nutbld/lib\libnutdev.a(usart.o)
NutGetCpuClock                                    C:/ethernut-5.1/nutbld/lib\libnutos.a(timer.o)
                                                  C:/ethernut-5.1/nutbld/lib\libnutarch.a(usart0avr.o)
NutGetMillis                                      C:/ethernut-5.1/nutbld/lib\libnutos.a(timer.o)
NutGetSeconds                                     C:/ethernut-5.1/nutbld/lib\libnutos.a(timer.o)
NutGetTickClock                                   C:/ethernut-5.1/nutbld/lib\libnutarch.a(ostimer.o)
                                                  C:/ethernut-5.1/nutbld/lib\libnutos.a(timer.o)
NutGetTickCount                                   C:/ethernut-5.1/nutbld/lib\libnutos.a(timer.o)
NutHeapCheck                                      C:/ethernut-5.1/nutbld/lib\libnutos.a(heap.o)
NutHeapDump                                       C:/ethernut-5.1/nutbld/lib\libnutos.a(heap.o)
NutHeapRootAdd                                    C:/ethernut-5.1/nutbld/lib\libnutos.a(heap.o)
                                                  C:/ethernut-5.1/nutbld/lib/nutinit.o
NutHeapRootAlloc                                  C:/ethernut-5.1/nutbld/lib\libnutos.a(heap.o)
                                                  C:/ethernut-5.1/nutbld/lib\libnutcrt.a(malloc.o)
                                                  C:/ethernut-5.1/nutbld/lib\libnutarch.a(context_gcc.o)
                                                  C:/ethernut-5.1/nutbld/lib\libnutos.a(timer.o)
NutHeapRootAllocClear                             C:/ethernut-5.1/nutbld/lib\libnutos.a(heap.o)
NutHeapRootAvailable                              C:/ethernut-5.1/nutbld/lib\libnutos.a(heap.o)
NutHeapRootFree                                   C:/ethernut-5.1/nutbld/lib\libnutos.a(heap.o)
                                                  C:/ethernut-5.1/nutbld/lib\libnutcrt.a(malloc.o)
                                                  C:/ethernut-5.1/nutbld/lib\libnutos.a(timer.o)
                                                  C:/ethernut-5.1/nutbld/lib\libnutos.a(thread.o)
NutHeapRootRealloc                                C:/ethernut-5.1/nutbld/lib\libnutos.a(heap.o)
NutHeapRootRegionAvailable                        C:/ethernut-5.1/nutbld/lib\libnutos.a(heap.o)
NutIdle                                           C:/ethernut-5.1/nutbld/lib/nutinit.o
NutInit                                           C:/ethernut-5.1/nutbld/lib/nutinit.o
NutIrqDisable                                     C:/ethernut-5.1/nutbld/lib\libnutdev.a(ihndlr.o)
NutIrqEnable                                      C:/ethernut-5.1/nutbld/lib\libnutdev.a(ihndlr.o)
NutIrqGetPriority                                 C:/ethernut-5.1/nutbld/lib\libnutdev.a(ihndlr.o)
NutIrqSetMode                                     C:/ethernut-5.1/nutbld/lib\libnutdev.a(ihndlr.o)
NutIrqSetPriority                                 C:/ethernut-5.1/nutbld/lib\libnutdev.a(ihndlr.o)
NutIrqStatus                                      C:/ethernut-5.1/nutbld/lib\libnutdev.a(ihndlr.o)
NutLoadConfig                                     C:/ethernut-5.1/nutbld/lib\libnutos.a(confos.o)
                                                  C:/ethernut-5.1/nutbld/lib/nutinit.o
NutMicroDelay                                     C:/ethernut-5.1/nutbld/lib\libnutos.a(timer.o)
NutNvMemLoad                                      C:/ethernut-5.1/nutbld/lib\libnutdev.a(nvmem.o)
                                                  C:/ethernut-5.1/nutbld/lib\libnutos.a(confos.o)
NutNvMemSave                                      C:/ethernut-5.1/nutbld/lib\libnutdev.a(nvmem.o)
                                                  C:/ethernut-5.1/nutbld/lib\libnutos.a(confos.o)
NutRegisterDevice                                 C:/ethernut-5.1/nutbld/lib\libnutos.a(devreg.o)
                                                  ledcontrol.o
NutRegisterIrqHandler                             C:/ethernut-5.1/nutbld/lib\libnutdev.a(ihndlr.o)
                                                  C:/ethernut-5.1/nutbld/lib\libnutarch.a(usart0avr.o)
                                                  C:/ethernut-5.1/nutbld/lib\libnutarch.a(ostimer.o)
NutRegisterTimer                                  C:/ethernut-5.1/nutbld/lib\libnutarch.a(ostimer.o)
                                                  C:/ethernut-5.1/nutbld/lib\libnutos.a(timer.o)
NutSaveConfig                                     C:/ethernut-5.1/nutbld/lib\libnutos.a(confos.o)
NutSleep                                          C:/ethernut-5.1/nutbld/lib\libnutos.a(timer.o)
                                                  ledcontrol.o
NutThreadAddPriQueue                              C:/ethernut-5.1/nutbld/lib\libnutos.a(thread.o)
                                                  C:/ethernut-5.1/nutbld/lib\libnutarch.a(context_gcc.o)
                                                  C:/ethernut-5.1/nutbld/lib\libnutos.a(event.o)
NutThreadCreate                                   C:/ethernut-5.1/nutbld/lib\libnutarch.a(context_gcc.o)
                                                  C:/ethernut-5.1/nutbld/lib/nutinit.o
NutThreadDestroy                                  C:/ethernut-5.1/nutbld/lib\libnutos.a(thread.o)
                                                  C:/ethernut-5.1/nutbld/lib/nutinit.o
NutThreadExit                                     C:/ethernut-5.1/nutbld/lib\libnutos.a(thread.o)
NutThreadKill                                     C:/ethernut-5.1/nutbld/lib\libnutos.a(thread.o)
NutThreadRemoveQueue                              C:/ethernut-5.1/nutbld/lib\libnutos.a(thread.o)
                                                  C:/ethernut-5.1/nutbld/lib\libnutos.a(event.o)
                                                  C:/ethernut-5.1/nutbld/lib\libnutos.a(timer.o)
NutThreadResume                                   C:/ethernut-5.1/nutbld/lib\libnutos.a(thread.o)
                                                  C:/ethernut-5.1/nutbld/lib\libnutos.a(event.o)
                                                  C:/ethernut-5.1/nutbld/lib\libnutos.a(timer.o)
NutThreadSetPriority                              C:/ethernut-5.1/nutbld/lib\libnutos.a(thread.o)
                                                  C:/ethernut-5.1/nutbld/lib/nutinit.o
NutThreadSetSleepMode                             C:/ethernut-5.1/nutbld/lib/nutinit.o
NutThreadStackAvailable                           C:/ethernut-5.1/nutbld/lib\libnutos.a(thread.o)
NutThreadSwitch                                   C:/ethernut-5.1/nutbld/lib\libnutarch.a(context_gcc.o)
                                                  C:/ethernut-5.1/nutbld/lib\libnutos.a(thread.o)
NutThreadWake                                     C:/ethernut-5.1/nutbld/lib\libnutos.a(thread.o)
                                                  C:/ethernut-5.1/nutbld/lib\libnutos.a(timer.o)
NutThreadYield                                    C:/ethernut-5.1/nutbld/lib\libnutos.a(thread.o)
                                                  C:/ethernut-5.1/nutbld/lib\libnutos.a(event.o)
                                                  C:/ethernut-5.1/nutbld/lib\libnutos.a(timer.o)
                                                  C:/ethernut-5.1/nutbld/lib/nutinit.o
NutTimerCreate                                    C:/ethernut-5.1/nutbld/lib\libnutos.a(timer.o)
NutTimerInit                                      C:/ethernut-5.1/nutbld/lib\libnutos.a(timer.o)
                                                  C:/ethernut-5.1/nutbld/lib/nutinit.o
NutTimerInsert                                    C:/ethernut-5.1/nutbld/lib\libnutos.a(timer.o)
NutTimerIntr                                      C:/ethernut-5.1/nutbld/lib\libnutos.a(timer.o)
NutTimerMillisToTicks                             C:/ethernut-5.1/nutbld/lib\libnutarch.a(ostimer.o)
                                                  C:/ethernut-5.1/nutbld/lib\libnutos.a(timer.o)
NutTimerProcessElapsed                            C:/ethernut-5.1/nutbld/lib\libnutos.a(timer.o)
                                                  C:/ethernut-5.1/nutbld/lib\libnutos.a(thread.o)
NutTimerStart                                     C:/ethernut-5.1/nutbld/lib\libnutos.a(timer.o)
                                                  C:/ethernut-5.1/nutbld/lib\libnutos.a(event.o)
NutTimerStartTicks                                C:/ethernut-5.1/nutbld/lib\libnutos.a(timer.o)
NutTimerStop                                      C:/ethernut-5.1/nutbld/lib\libnutos.a(timer.o)
                                                  C:/ethernut-5.1/nutbld/lib\libnutos.a(event.o)
OnChipNvMemLoad                                   C:/ethernut-5.1/nutbld/lib\libnutarch.a(eeprom.o)
                                                  C:/ethernut-5.1/nutbld/lib\libnutdev.a(nvmem.o)
OnChipNvMemSave                                   C:/ethernut-5.1/nutbld/lib\libnutarch.a(eeprom.o)
                                                  C:/ethernut-5.1/nutbld/lib\libnutdev.a(nvmem.o)
UsartClose                                        C:/ethernut-5.1/nutbld/lib\libnutdev.a(usart.o)
                                                  C:/ethernut-5.1/nutbld/lib\libnutarch.a(usart0avr.o)
UsartIOCtl                                        C:/ethernut-5.1/nutbld/lib\libnutdev.a(usart.o)
                                                  C:/ethernut-5.1/nutbld/lib\libnutarch.a(usart0avr.o)
UsartInit                                         C:/ethernut-5.1/nutbld/lib\libnutdev.a(usart.o)
                                                  C:/ethernut-5.1/nutbld/lib\libnutarch.a(usart0avr.o)
UsartOpen                                         C:/ethernut-5.1/nutbld/lib\libnutdev.a(usart.o)
                                                  C:/ethernut-5.1/nutbld/lib\libnutarch.a(usart0avr.o)
UsartRead                                         C:/ethernut-5.1/nutbld/lib\libnutdev.a(usart.o)
                                                  C:/ethernut-5.1/nutbld/lib\libnutarch.a(usart0avr.o)
UsartSize                                         C:/ethernut-5.1/nutbld/lib\libnutdev.a(usart.o)
                                                  C:/ethernut-5.1/nutbld/lib\libnutarch.a(usart0avr.o)
UsartWrite                                        C:/ethernut-5.1/nutbld/lib\libnutdev.a(usart.o)
                                                  C:/ethernut-5.1/nutbld/lib\libnutarch.a(usart0avr.o)
UsartWrite_P                                      C:/ethernut-5.1/nutbld/lib\libnutdev.a(usart.o)
                                                  C:/ethernut-5.1/nutbld/lib\libnutarch.a(usart0avr.o)
__bad_interrupt                                   c:/winavr-20100110/bin/../lib/gcc/avr/4.3.3/../../../../avr/lib/avr51/crtm128.o
__bss_end                                         c:/winavr-20100110/bin/../lib/gcc/avr/4.3.3/avr51\libgcc.a(_clear_bss.o)
__bss_start                                       c:/winavr-20100110/bin/../lib/gcc/avr/4.3.3/avr51\libgcc.a(_clear_bss.o)
__ctype_isfalse                                   c:/winavr-20100110/bin/../lib/gcc/avr/4.3.3/../../../../avr/lib/avr51\libc.a(cty_isfalse.o)
                                                  c:/winavr-20100110/bin/../lib/gcc/avr/4.3.3/../../../../avr/lib/avr51\libc.a(isspace.o)
__ctype_istrue                                    c:/winavr-20100110/bin/../lib/gcc/avr/4.3.3/../../../../avr/lib/avr51\libc.a(cty_isfalse.o)
__data_end                                        c:/winavr-20100110/bin/../lib/gcc/avr/4.3.3/../../../../avr/lib/avr51/crtm128.o
__data_load_start                                 c:/winavr-20100110/bin/../lib/gcc/avr/4.3.3/../../../../avr/lib/avr51/crtm128.o
__data_start                                      c:/winavr-20100110/bin/../lib/gcc/avr/4.3.3/../../../../avr/lib/avr51/crtm128.o
__do_clear_bss                                    c:/winavr-20100110/bin/../lib/gcc/avr/4.3.3/avr51\libgcc.a(_clear_bss.o)
                                                  c:/winavr-20100110/bin/../lib/gcc/avr/4.3.3/../../../../avr/lib/avr51\libc.a(strtok.o)
                                                  C:/ethernut-5.1/nutbld/lib\libnutcrt.a(errno.o)
                                                  C:/ethernut-5.1/nutbld/lib\libnutarch.a(usart0avr.o)
                                                  C:/ethernut-5.1/nutbld/lib\libnutarch.a(ostimer.o)
                                                  C:/ethernut-5.1/nutbld/lib\libnutos.a(confos.o)
                                                  C:/ethernut-5.1/nutbld/lib\libnutos.a(devreg.o)
                                                  C:/ethernut-5.1/nutbld/lib\libnutos.a(timer.o)
                                                  C:/ethernut-5.1/nutbld/lib\libnutos.a(thread.o)
                                                  C:/ethernut-5.1/nutbld/lib\libnutos.a(heap.o)
                                                  C:/ethernut-5.1/nutbld/lib/nutinit.o
                                                  ledcontrol.o
__do_copy_data                                    c:/winavr-20100110/bin/../lib/gcc/avr/4.3.3/../../../../avr/lib/avr51/crtm128.o
                                                  C:/ethernut-5.1/nutbld/lib\libnutcrt.a(putf.o)
                                                  C:/ethernut-5.1/nutbld/lib\libnutcrt.a(fopen.o)
                                                  C:/ethernut-5.1/nutbld/lib\libnutdev.a(usart.o)
                                                  C:/ethernut-5.1/nutbld/lib\libnutarch.a(ih_usart0_udre.o)
                                                  C:/ethernut-5.1/nutbld/lib\libnutarch.a(ih_usart0_rx.o)
                                                  C:/ethernut-5.1/nutbld/lib\libnutarch.a(usart0avr.o)
                                                  C:/ethernut-5.1/nutbld/lib\libnutarch.a(ih_timer0_comp.o)
                                                  C:/ethernut-5.1/nutbld/lib\libnutos.a(confos.o)
                                                  C:/ethernut-5.1/nutbld/lib\libnutos.a(heap.o)
                                                  C:/ethernut-5.1/nutbld/lib/nutinit.o
                                                  ledcontrol.o
__eerd_block_m128                                 c:/winavr-20100110/bin/../lib/gcc/avr/4.3.3/../../../../avr/lib/avr51\libc.a(eerd_block_atmega128.o)
                                                  C:/ethernut-5.1/nutbld/lib\libnutarch.a(eeprom.o)
__eerd_blraw_m128                                 c:/winavr-20100110/bin/../lib/gcc/avr/4.3.3/../../../../avr/lib/avr51\libc.a(eerd_block_atmega128.o)
__eerd_byte_m128                                  c:/winavr-20100110/bin/../lib/gcc/avr/4.3.3/../../../../avr/lib/avr51\libc.a(eerd_byte_atmega128.o)
                                                  C:/ethernut-5.1/nutbld/lib\libnutarch.a(eeprom.o)
__eewr_byte_m128                                  c:/winavr-20100110/bin/../lib/gcc/avr/4.3.3/../../../../avr/lib/avr51\libc.a(eewr_byte_atmega128.o)
                                                  C:/ethernut-5.1/nutbld/lib\libnutarch.a(eeprom.o)
__eewr_r18_m128                                   c:/winavr-20100110/bin/../lib/gcc/avr/4.3.3/../../../../avr/lib/avr51\libc.a(eewr_byte_atmega128.o)
__heap_end                                        c:/winavr-20100110/bin/../lib/gcc/avr/4.3.3/../../../../avr/lib/avr51/crtm128.o
__heap_start                                      C:/ethernut-5.1/nutbld/lib/nutinit.o
__init                                            c:/winavr-20100110/bin/../lib/gcc/avr/4.3.3/../../../../avr/lib/avr51/crtm128.o
__iob                                             C:/ethernut-5.1/nutbld/lib\libnutcrt.a(fopen.o)
__mulsi3                                          c:/winavr-20100110/bin/../lib/gcc/avr/4.3.3/avr51\libgcc.a(_mulsi3.o)
                                                  c:/winavr-20100110/bin/../lib/gcc/avr/4.3.3/../../../../avr/lib/avr51\libc.a(strtol.o)
                                                  C:/ethernut-5.1/nutbld/lib\libnutarch.a(usart0avr.o)
                                                  C:/ethernut-5.1/nutbld/lib\libnutos.a(timer.o)
__stack                                           c:/winavr-20100110/bin/../lib/gcc/avr/4.3.3/../../../../avr/lib/avr51/crtm128.o
__udivmodsi4                                      c:/winavr-20100110/bin/../lib/gcc/avr/4.3.3/avr51\libgcc.a(_udivmodsi4.o)
                                                  c:/winavr-20100110/bin/../lib/gcc/avr/4.3.3/../../../../avr/lib/avr51\libc.a(strtol.o)
                                                  C:/ethernut-5.1/nutbld/lib\libnutcrt.a(putf.o)
                                                  C:/ethernut-5.1/nutbld/lib\libnutarch.a(usart0avr.o)
                                                  C:/ethernut-5.1/nutbld/lib\libnutarch.a(ostimer.o)
                                                  C:/ethernut-5.1/nutbld/lib\libnutos.a(timer.o)
__vector_1                                        c:/winavr-20100110/bin/../lib/gcc/avr/4.3.3/../../../../avr/lib/avr51/crtm128.o
__vector_10                                       c:/winavr-20100110/bin/../lib/gcc/avr/4.3.3/../../../../avr/lib/avr51/crtm128.o
__vector_11                                       c:/winavr-20100110/bin/../lib/gcc/avr/4.3.3/../../../../avr/lib/avr51/crtm128.o
__vector_12                                       c:/winavr-20100110/bin/../lib/gcc/avr/4.3.3/../../../../avr/lib/avr51/crtm128.o
__vector_13                                       c:/winavr-20100110/bin/../lib/gcc/avr/4.3.3/../../../../avr/lib/avr51/crtm128.o
__vector_14                                       c:/winavr-20100110/bin/../lib/gcc/avr/4.3.3/../../../../avr/lib/avr51/crtm128.o
__vector_15                                       C:/ethernut-5.1/nutbld/lib\libnutarch.a(ih_timer0_comp.o)
                                                  c:/winavr-20100110/bin/../lib/gcc/avr/4.3.3/../../../../avr/lib/avr51/crtm128.o
__vector_16                                       c:/winavr-20100110/bin/../lib/gcc/avr/4.3.3/../../../../avr/lib/avr51/crtm128.o
__vector_17                                       c:/winavr-20100110/bin/../lib/gcc/avr/4.3.3/../../../../avr/lib/avr51/crtm128.o
__vector_18                                       C:/ethernut-5.1/nutbld/lib\libnutarch.a(ih_usart0_rx.o)
                                                  c:/winavr-20100110/bin/../lib/gcc/avr/4.3.3/../../../../avr/lib/avr51/crtm128.o
__vector_19                                       C:/ethernut-5.1/nutbld/lib\libnutarch.a(ih_usart0_udre.o)
                                                  c:/winavr-20100110/bin/../lib/gcc/avr/4.3.3/../../../../avr/lib/avr51/crtm128.o
__vector_2                                        c:/winavr-20100110/bin/../lib/gcc/avr/4.3.3/../../../../avr/lib/avr51/crtm128.o
__vector_20                                       c:/winavr-20100110/bin/../lib/gcc/avr/4.3.3/../../../../avr/lib/avr51/crtm128.o
__vector_21                                       c:/winavr-20100110/bin/../lib/gcc/avr/4.3.3/../../../../avr/lib/avr51/crtm128.o
__vector_22                                       c:/winavr-20100110/bin/../lib/gcc/avr/4.3.3/../../../../avr/lib/avr51/crtm128.o
__vector_23                                       c:/winavr-20100110/bin/../lib/gcc/avr/4.3.3/../../../../avr/lib/avr51/crtm128.o
__vector_24                                       c:/winavr-20100110/bin/../lib/gcc/avr/4.3.3/../../../../avr/lib/avr51/crtm128.o
__vector_25                                       c:/winavr-20100110/bin/../lib/gcc/avr/4.3.3/../../../../avr/lib/avr51/crtm128.o
__vector_26                                       c:/winavr-20100110/bin/../lib/gcc/avr/4.3.3/../../../../avr/lib/avr51/crtm128.o
__vector_27                                       c:/winavr-20100110/bin/../lib/gcc/avr/4.3.3/../../../../avr/lib/avr51/crtm128.o
__vector_28                                       c:/winavr-20100110/bin/../lib/gcc/avr/4.3.3/../../../../avr/lib/avr51/crtm128.o
__vector_29                                       c:/winavr-20100110/bin/../lib/gcc/avr/4.3.3/../../../../avr/lib/avr51/crtm128.o
__vector_3                                        c:/winavr-20100110/bin/../lib/gcc/avr/4.3.3/../../../../avr/lib/avr51/crtm128.o
__vector_30                                       c:/winavr-20100110/bin/../lib/gcc/avr/4.3.3/../../../../avr/lib/avr51/crtm128.o
__vector_31                                       c:/winavr-20100110/bin/../lib/gcc/avr/4.3.3/../../../../avr/lib/avr51/crtm128.o
__vector_32                                       c:/winavr-20100110/bin/../lib/gcc/avr/4.3.3/../../../../avr/lib/avr51/crtm128.o
__vector_33                                       c:/winavr-20100110/bin/../lib/gcc/avr/4.3.3/../../../../avr/lib/avr51/crtm128.o
__vector_34                                       c:/winavr-20100110/bin/../lib/gcc/avr/4.3.3/../../../../avr/lib/avr51/crtm128.o
__vector_4                                        c:/winavr-20100110/bin/../lib/gcc/avr/4.3.3/../../../../avr/lib/avr51/crtm128.o
__vector_5                                        c:/winavr-20100110/bin/../lib/gcc/avr/4.3.3/../../../../avr/lib/avr51/crtm128.o
__vector_6                                        c:/winavr-20100110/bin/../lib/gcc/avr/4.3.3/../../../../avr/lib/avr51/crtm128.o
__vector_7                                        c:/winavr-20100110/bin/../lib/gcc/avr/4.3.3/../../../../avr/lib/avr51/crtm128.o
__vector_8                                        c:/winavr-20100110/bin/../lib/gcc/avr/4.3.3/../../../../avr/lib/avr51/crtm128.o
__vector_9                                        c:/winavr-20100110/bin/../lib/gcc/avr/4.3.3/../../../../avr/lib/avr51/crtm128.o
__vector_default                                  c:/winavr-20100110/bin/../lib/gcc/avr/4.3.3/../../../../avr/lib/avr51/crtm128.o
__vectors                                         c:/winavr-20100110/bin/../lib/gcc/avr/4.3.3/../../../../avr/lib/avr51/crtm128.o
_exit                                             c:/winavr-20100110/bin/../lib/gcc/avr/4.3.3/avr51\libgcc.a(_exit.o)
_fileno                                           C:/ethernut-5.1/nutbld/lib\libnutcrt.a(fileno.o)
                                                  ledcontrol.o
_fmode                                            C:/ethernut-5.1/nutbld/lib\libnutcrt.a(fmode.o)
                                                  C:/ethernut-5.1/nutbld/lib\libnutcrt.a(fopen.o)
_getf                                             C:/ethernut-5.1/nutbld/lib\libnutcrt.a(getf.o)
                                                  C:/ethernut-5.1/nutbld/lib\libnutcrt.a(vsscanf.o)
_ioctl                                            C:/ethernut-5.1/nutbld/lib\libnutcrt.a(ioctl.o)
                                                  ledcontrol.o
_open                                             C:/ethernut-5.1/nutbld/lib\libnutcrt.a(open.o)
                                                  C:/ethernut-5.1/nutbld/lib\libnutcrt.a(fopen.o)
_putf                                             C:/ethernut-5.1/nutbld/lib\libnutcrt.a(putf.o)
                                                  C:/ethernut-5.1/nutbld/lib\libnutcrt.a(vfprintf.o)
_read                                             C:/ethernut-5.1/nutbld/lib\libnutcrt.a(read.o)
                                                  C:/ethernut-5.1/nutbld/lib\libnutcrt.a(fgetc.o)
_write                                            C:/ethernut-5.1/nutbld/lib\libnutcrt.a(write.o)
                                                  C:/ethernut-5.1/nutbld/lib\libnutcrt.a(vfprintf.o)
                                                  C:/ethernut-5.1/nutbld/lib\libnutcrt.a(fputs.o)
                                                  C:/ethernut-5.1/nutbld/lib\libnutcrt.a(fflush.o)
baud                                              ledcontrol.o
confos                                            C:/ethernut-5.1/nutbld/lib\libnutos.a(confos.o)
devUsartAvr0                                      C:/ethernut-5.1/nutbld/lib\libnutarch.a(usart0avr.o)
                                                  ledcontrol.o
errno                                             c:/winavr-20100110/bin/../lib/gcc/avr/4.3.3/../../../../avr/lib/avr51\libc.a(strtol.o)
                                                  C:/ethernut-5.1/nutbld/lib\libnutcrt.a(fmode.o)
                                                  C:/ethernut-5.1/nutbld/lib\libnutcrt.a(open.o)
                                                  C:/ethernut-5.1/nutbld/lib\libnutcrt.a(malloc.o)
                                                  C:/ethernut-5.1/nutbld/lib\libnutcrt.a(errno.o)
                                                  C:/ethernut-5.1/nutbld/lib\libnutcrt.a(fopen.o)
exit                                              c:/winavr-20100110/bin/../lib/gcc/avr/4.3.3/avr51\libgcc.a(_exit.o)
                                                  c:/winavr-20100110/bin/../lib/gcc/avr/4.3.3/../../../../avr/lib/avr51/crtm128.o
fflush                                            C:/ethernut-5.1/nutbld/lib\libnutcrt.a(fflush.o)
                                                  ledcontrol.o
fgetc                                             C:/ethernut-5.1/nutbld/lib\libnutcrt.a(fgetc.o)
                                                  C:/ethernut-5.1/nutbld/lib\libnutcrt.a(fgets.o)
fgets                                             C:/ethernut-5.1/nutbld/lib\libnutcrt.a(fgets.o)
                                                  ledcontrol.o
fopen                                             C:/ethernut-5.1/nutbld/lib\libnutcrt.a(fopen.o)
                                                  ledcontrol.o
fprintf                                           C:/ethernut-5.1/nutbld/lib\libnutcrt.a(fprintf.o)
                                                  C:/ethernut-5.1/nutbld/lib\libnutos.a(heap.o)
                                                  ledcontrol.o
fputs                                             C:/ethernut-5.1/nutbld/lib\libnutcrt.a(fputs.o)
                                                  ledcontrol.o
free                                              C:/ethernut-5.1/nutbld/lib\libnutcrt.a(malloc.o)
                                                  C:/ethernut-5.1/nutbld/lib\libnutcrt.a(putf.o)
                                                  C:/ethernut-5.1/nutbld/lib\libnutcrt.a(fopen.o)
                                                  C:/ethernut-5.1/nutbld/lib\libnutdev.a(usart.o)
heapFreeList                                      C:/ethernut-5.1/nutbld/lib\libnutcrt.a(malloc.o)
                                                  C:/ethernut-5.1/nutbld/lib\libnutarch.a(context_gcc.o)
                                                  C:/ethernut-5.1/nutbld/lib\libnutos.a(timer.o)
                                                  C:/ethernut-5.1/nutbld/lib\libnutos.a(thread.o)
                                                  C:/ethernut-5.1/nutbld/lib\libnutos.a(heap.o)
                                                  C:/ethernut-5.1/nutbld/lib/nutinit.o
idle_sleep_mode                                   C:/ethernut-5.1/nutbld/lib/nutinit.o
isspace                                           c:/winavr-20100110/bin/../lib/gcc/avr/4.3.3/../../../../avr/lib/avr51\libc.a(isspace.o)
                                                  c:/winavr-20100110/bin/../lib/gcc/avr/4.3.3/../../../../avr/lib/avr51\libc.a(strtol.o)
                                                  C:/ethernut-5.1/nutbld/lib\libnutcrt.a(getf.o)
killedThread                                      C:/ethernut-5.1/nutbld/lib\libnutos.a(thread.o)
led_on                                            ledcontrol.o
main                                              c:/winavr-20100110/bin/../lib/gcc/avr/4.3.3/../../../../avr/lib/avr51/crtm128.o
malloc                                            C:/ethernut-5.1/nutbld/lib\libnutcrt.a(malloc.o)
                                                  C:/ethernut-5.1/nutbld/lib\libnutcrt.a(putf.o)
                                                  C:/ethernut-5.1/nutbld/lib\libnutcrt.a(fopen.o)
                                                  C:/ethernut-5.1/nutbld/lib\libnutdev.a(usart.o)
memchr                                            c:/winavr-20100110/bin/../lib/gcc/avr/4.3.3/../../../../avr/lib/avr51\libc.a(memchr.o)
                                                  C:/ethernut-5.1/nutbld/lib\libnutcrt.a(putf.o)
memcmp                                            c:/winavr-20100110/bin/../lib/gcc/avr/4.3.3/../../../../avr/lib/avr51\libc.a(memcmp.o)
                                                  C:/ethernut-5.1/nutbld/lib\libnutos.a(confos.o)
memcpy                                            c:/winavr-20100110/bin/../lib/gcc/avr/4.3.3/../../../../avr/lib/avr51\libc.a(memcpy.o)
                                                  C:/ethernut-5.1/nutbld/lib\libnutos.a(heap.o)
memset                                            c:/winavr-20100110/bin/../lib/gcc/avr/4.3.3/../../../../avr/lib/avr51\libc.a(memset.o)
                                                  C:/ethernut-5.1/nutbld/lib\libnutos.a(heap.o)
ms62_5                                            C:/ethernut-5.1/nutbld/lib/nutinit.o
nutDeviceList                                     C:/ethernut-5.1/nutbld/lib\libnutos.a(devreg.o)
nutThreadList                                     C:/ethernut-5.1/nutbld/lib\libnutarch.a(context_gcc.o)
                                                  C:/ethernut-5.1/nutbld/lib\libnutos.a(thread.o)
nutTimerList                                      C:/ethernut-5.1/nutbld/lib\libnutos.a(timer.o)
nut_ticks                                         C:/ethernut-5.1/nutbld/lib\libnutos.a(timer.o)
runQueue                                          C:/ethernut-5.1/nutbld/lib\libnutarch.a(context_gcc.o)
                                                  C:/ethernut-5.1/nutbld/lib\libnutos.a(event.o)
                                                  C:/ethernut-5.1/nutbld/lib\libnutos.a(timer.o)
                                                  C:/ethernut-5.1/nutbld/lib\libnutos.a(thread.o)
runningThread                                     C:/ethernut-5.1/nutbld/lib\libnutarch.a(context_gcc.o)
                                                  C:/ethernut-5.1/nutbld/lib\libnutos.a(event.o)
                                                  C:/ethernut-5.1/nutbld/lib\libnutos.a(timer.o)
                                                  C:/ethernut-5.1/nutbld/lib\libnutos.a(thread.o)
sig_OUTPUT_COMPARE0                               C:/ethernut-5.1/nutbld/lib\libnutarch.a(ih_timer0_comp.o)
                                                  C:/ethernut-5.1/nutbld/lib\libnutarch.a(ostimer.o)
sig_UART0_DATA                                    C:/ethernut-5.1/nutbld/lib\libnutarch.a(ih_usart0_udre.o)
                                                  C:/ethernut-5.1/nutbld/lib\libnutarch.a(usart0avr.o)
sig_UART0_RECV                                    C:/ethernut-5.1/nutbld/lib\libnutarch.a(ih_usart0_rx.o)
                                                  C:/ethernut-5.1/nutbld/lib\libnutarch.a(usart0avr.o)
sscanf                                            C:/ethernut-5.1/nutbld/lib\libnutcrt.a(sscanf.o)
                                                  ledcontrol.o
strchr                                            c:/winavr-20100110/bin/../lib/gcc/avr/4.3.3/../../../../avr/lib/avr51\libc.a(strchr.o)
                                                  ledcontrol.o
strcmp                                            c:/winavr-20100110/bin/../lib/gcc/avr/4.3.3/../../../../avr/lib/avr51\libc.a(strcmp.o)
                                                  C:/ethernut-5.1/nutbld/lib\libnutos.a(devreg.o)
                                                  C:/ethernut-5.1/nutbld/lib\libnutos.a(thread.o)
strcpy                                            c:/winavr-20100110/bin/../lib/gcc/avr/4.3.3/../../../../avr/lib/avr51\libc.a(strcpy.o)
                                                  C:/ethernut-5.1/nutbld/lib\libnutos.a(confos.o)
strcpy_P                                          c:/winavr-20100110/bin/../lib/gcc/avr/4.3.3/../../../../avr/lib/avr51\libc.a(strcpy_P.o)
                                                  C:/ethernut-5.1/nutbld/lib\libnutcrt.a(putf.o)
strlen_P                                          c:/winavr-20100110/bin/../lib/gcc/avr/4.3.3/../../../../avr/lib/avr51\libc.a(strlen_P.o)
                                                  C:/ethernut-5.1/nutbld/lib\libnutcrt.a(putf.o)
strtok                                            c:/winavr-20100110/bin/../lib/gcc/avr/4.3.3/../../../../avr/lib/avr51\libc.a(strtok.o)
                                                  ledcontrol.o
strtok_r                                          c:/winavr-20100110/bin/../lib/gcc/avr/4.3.3/../../../../avr/lib/avr51\libc.a(strtok_r.o)
                                                  c:/winavr-20100110/bin/../lib/gcc/avr/4.3.3/../../../../avr/lib/avr51\libc.a(strtok.o)
strtol                                            c:/winavr-20100110/bin/../lib/gcc/avr/4.3.3/../../../../avr/lib/avr51\libc.a(strtol.o)
                                                  C:/ethernut-5.1/nutbld/lib\libnutcrt.a(getf.o)
thread_start                                      C:/ethernut-5.1/nutbld/lib\libnutarch.a(context_gcc.o)
uart                                              ledcontrol.o
vfprintf                                          C:/ethernut-5.1/nutbld/lib\libnutcrt.a(vfprintf.o)
                                                  C:/ethernut-5.1/nutbld/lib\libnutcrt.a(fprintf.o)
vsscanf                                           C:/ethernut-5.1/nutbld/lib\libnutcrt.a(vsscanf.o)
                                                  C:/ethernut-5.1/nutbld/lib\libnutcrt.a(sscanf.o)
